Archive member included to satisfy reference by file (symbol)

d:/program files/atmel/7.0/toolchain/arm/arm-gnu-toolchain/bin/../lib/gcc/arm-none-eabi/6.2.1/../../../../arm-none-eabi/lib/thumb/v6-m\libc.a(lib_a-exit.o)
                              d:/program files/atmel/7.0/toolchain/arm/arm-gnu-toolchain/bin/../lib/gcc/arm-none-eabi/6.2.1/../../../../arm-none-eabi/lib/thumb/v6-m/crt0.o (exit)
d:/program files/atmel/7.0/toolchain/arm/arm-gnu-toolchain/bin/../lib/gcc/arm-none-eabi/6.2.1/../../../../arm-none-eabi/lib/thumb/v6-m\libc.a(lib_a-impure.o)
                              d:/program files/atmel/7.0/toolchain/arm/arm-gnu-toolchain/bin/../lib/gcc/arm-none-eabi/6.2.1/../../../../arm-none-eabi/lib/thumb/v6-m\libc.a(lib_a-exit.o) (_global_impure_ptr)
d:/program files/atmel/7.0/toolchain/arm/arm-gnu-toolchain/bin/../lib/gcc/arm-none-eabi/6.2.1/../../../../arm-none-eabi/lib/thumb/v6-m\libc.a(lib_a-init.o)
                              d:/program files/atmel/7.0/toolchain/arm/arm-gnu-toolchain/bin/../lib/gcc/arm-none-eabi/6.2.1/../../../../arm-none-eabi/lib/thumb/v6-m/crt0.o (__libc_init_array)
d:/program files/atmel/7.0/toolchain/arm/arm-gnu-toolchain/bin/../lib/gcc/arm-none-eabi/6.2.1/../../../../arm-none-eabi/lib/thumb/v6-m\libc.a(lib_a-memset.o)
                              d:/program files/atmel/7.0/toolchain/arm/arm-gnu-toolchain/bin/../lib/gcc/arm-none-eabi/6.2.1/../../../../arm-none-eabi/lib/thumb/v6-m/crt0.o (memset)
d:/program files/atmel/7.0/toolchain/arm/arm-gnu-toolchain/bin/../lib/gcc/arm-none-eabi/6.2.1/../../../../arm-none-eabi/lib/thumb/v6-m\libc.a(lib_a-__call_atexit.o)
                              d:/program files/atmel/7.0/toolchain/arm/arm-gnu-toolchain/bin/../lib/gcc/arm-none-eabi/6.2.1/../../../../arm-none-eabi/lib/thumb/v6-m\libc.a(lib_a-exit.o) (__call_exitprocs)
d:/program files/atmel/7.0/toolchain/arm/arm-gnu-toolchain/bin/../lib/gcc/arm-none-eabi/6.2.1/../../../../arm-none-eabi/lib/thumb/v6-m\libc.a(lib_a-atexit.o)
                              d:/program files/atmel/7.0/toolchain/arm/arm-gnu-toolchain/bin/../lib/gcc/arm-none-eabi/6.2.1/../../../../arm-none-eabi/lib/thumb/v6-m\libc.a(lib_a-__call_atexit.o) (atexit)
d:/program files/atmel/7.0/toolchain/arm/arm-gnu-toolchain/bin/../lib/gcc/arm-none-eabi/6.2.1/../../../../arm-none-eabi/lib/thumb/v6-m\libc.a(lib_a-fini.o)
                              d:/program files/atmel/7.0/toolchain/arm/arm-gnu-toolchain/bin/../lib/gcc/arm-none-eabi/6.2.1/../../../../arm-none-eabi/lib/thumb/v6-m\libc.a(lib_a-__call_atexit.o) (__libc_fini_array)
d:/program files/atmel/7.0/toolchain/arm/arm-gnu-toolchain/bin/../lib/gcc/arm-none-eabi/6.2.1/../../../../arm-none-eabi/lib/thumb/v6-m\libc.a(lib_a-__atexit.o)
                              d:/program files/atmel/7.0/toolchain/arm/arm-gnu-toolchain/bin/../lib/gcc/arm-none-eabi/6.2.1/../../../../arm-none-eabi/lib/thumb/v6-m\libc.a(lib_a-atexit.o) (__register_exitproc)

Discarded input sections

 .text          0x00000000        0x0 d:/program files/atmel/7.0/toolchain/arm/arm-gnu-toolchain/bin/../lib/gcc/arm-none-eabi/6.2.1/thumb/v6-m/crti.o
 .data          0x00000000        0x0 d:/program files/atmel/7.0/toolchain/arm/arm-gnu-toolchain/bin/../lib/gcc/arm-none-eabi/6.2.1/thumb/v6-m/crti.o
 .bss           0x00000000        0x0 d:/program files/atmel/7.0/toolchain/arm/arm-gnu-toolchain/bin/../lib/gcc/arm-none-eabi/6.2.1/thumb/v6-m/crti.o
 .data          0x00000000        0x4 d:/program files/atmel/7.0/toolchain/arm/arm-gnu-toolchain/bin/../lib/gcc/arm-none-eabi/6.2.1/thumb/v6-m/crtbegin.o
 .text          0x00000000       0x78 d:/program files/atmel/7.0/toolchain/arm/arm-gnu-toolchain/bin/../lib/gcc/arm-none-eabi/6.2.1/../../../../arm-none-eabi/lib/thumb/v6-m/crt0.o
 .data          0x00000000        0x0 d:/program files/atmel/7.0/toolchain/arm/arm-gnu-toolchain/bin/../lib/gcc/arm-none-eabi/6.2.1/../../../../arm-none-eabi/lib/thumb/v6-m/crt0.o
 .bss           0x00000000        0x0 d:/program files/atmel/7.0/toolchain/arm/arm-gnu-toolchain/bin/../lib/gcc/arm-none-eabi/6.2.1/../../../../arm-none-eabi/lib/thumb/v6-m/crt0.o
 .ARM.extab     0x00000000        0x0 d:/program files/atmel/7.0/toolchain/arm/arm-gnu-toolchain/bin/../lib/gcc/arm-none-eabi/6.2.1/../../../../arm-none-eabi/lib/thumb/v6-m/crt0.o
 .ARM.exidx     0x00000000        0x8 d:/program files/atmel/7.0/toolchain/arm/arm-gnu-toolchain/bin/../lib/gcc/arm-none-eabi/6.2.1/../../../../arm-none-eabi/lib/thumb/v6-m/crt0.o
 .ARM.attributes
                0x00000000       0x1b d:/program files/atmel/7.0/toolchain/arm/arm-gnu-toolchain/bin/../lib/gcc/arm-none-eabi/6.2.1/../../../../arm-none-eabi/lib/thumb/v6-m/crt0.o
 .group         0x00000000        0x8 adc.o
 .group         0x00000000        0x8 adc.o
 .group         0x00000000        0x8 adc.o
 .group         0x00000000        0x8 adc.o
 .group         0x00000000        0x8 adc.o
 .group         0x00000000        0x8 adc.o
 .group         0x00000000        0x8 adc.o
[...]
Memory Configuration

Name             Origin             Length             Attributes
rom              0x00000000         0x00040000         xr
ram              0x20000000         0x00008000         xrw
lpram            0x30000000         0x00002000         xrw
*default*        0x00000000         0xffffffff

Linker script and memory map

LOAD d:/program files/atmel/7.0/toolchain/arm/arm-gnu-toolchain/bin/../lib/gcc/arm-none-eabi/6.2.1/thumb/v6-m/crti.o
LOAD d:/program files/atmel/7.0/toolchain/arm/arm-gnu-toolchain/bin/../lib/gcc/arm-none-eabi/6.2.1/thumb/v6-m/crtbegin.o
LOAD d:/program files/atmel/7.0/toolchain/arm/arm-gnu-toolchain/bin/../lib/gcc/arm-none-eabi/6.2.1/../../../../arm-none-eabi/lib/thumb/v6-m/crt0.o
LOAD adc.o
LOAD Device_Startup/startup_saml21.o
LOAD Device_Startup/system_saml21.o
LOAD fan.o
LOAD main.o
LOAD npic6c4894-Q100_led_driver.o
LOAD timer3.o
START GROUP
LOAD d:/program files/atmel/7.0/toolchain/arm/arm-gnu-toolchain/bin/../lib/gcc/arm-none-eabi/6.2.1/../../../../arm-none-eabi/lib/thumb/v6-m\libm.a
END GROUP
START GROUP
LOAD d:/program files/atmel/7.0/toolchain/arm/arm-gnu-toolchain/bin/../lib/gcc/arm-none-eabi/6.2.1/thumb/v6-m\libgcc.a
LOAD d:/program files/atmel/7.0/toolchain/arm/arm-gnu-toolchain/bin/../lib/gcc/arm-none-eabi/6.2.1/../../../../arm-none-eabi/lib/thumb/v6-m\libc.a
END GROUP
LOAD d:/program files/atmel/7.0/toolchain/arm/arm-gnu-toolchain/bin/../lib/gcc/arm-none-eabi/6.2.1/thumb/v6-m/crtend.o
LOAD d:/program files/atmel/7.0/toolchain/arm/arm-gnu-toolchain/bin/../lib/gcc/arm-none-eabi/6.2.1/thumb/v6-m/crtn.o
                0x00002000                STACK_SIZE = DEFINED (STACK_SIZE)?STACK_SIZE:DEFINED (__stack_size__)?__stack_size__:0x2000

.text           0x00000000      0x608
                0x00000000                . = ALIGN (0x4)
                0x00000000                _sfixed = .
 *(.vectors .vectors.*)
 .vectors       0x00000000       0xb4 Device_Startup/startup_saml21.o
                0x00000000                exception_table
 *(.text .text.* .gnu.linkonce.t.*)
 .text          0x000000b4       0x60 d:/program files/atmel/7.0/toolchain/arm/arm-gnu-toolchain/bin/../lib/gcc/arm-none-eabi/6.2.1/thumb/v6-m/crtbegin.o
 .text.adc_initalise
                0x00000114       0x44 adc.o
                0x00000114                adc_initalise
 .text.Dummy_Handler
                0x00000158        0x2 Device_Startup/startup_saml21.o
                0x00000158                DMAC_Handler
                0x00000158                TRNG_Handler
                0x00000158                HardFault_Handler
                0x00000158                AC_Handler
                0x00000158                SysTick_Handler
                0x00000158                PendSV_Handler
                0x00000158                NMI_Handler
                0x00000158                SERCOM1_Handler
                0x00000158                ADC_Handler
                0x00000158                TCC1_Handler
                0x00000158                SERCOM2_Handler
                0x00000158                TCC0_Handler
                0x00000158                RTC_Handler
                0x00000158                EIC_Handler
                0x00000158                WDT_Handler
                0x00000158                TC4_Handler
                0x00000158                USB_Handler
                0x00000158                Dummy_Handler
                0x00000158                SERCOM5_Handler
                0x00000158                SVC_Handler
                0x00000158                TCC2_Handler
                0x00000158                EVSYS_Handler
                0x00000158                SERCOM3_Handler
                0x00000158                SERCOM4_Handler
                0x00000158                NVMCTRL_Handler
                0x00000158                SYSTEM_Handler
                0x00000158                SERCOM0_Handler
                0x00000158                DAC_Handler
                0x00000158                PTC_Handler
                0x00000158                TC0_Handler
                0x00000158                AES_Handler
 *fill*         0x0000015a        0x2 
 .text.Reset_Handler
                0x0000015c       0x98 Device_Startup/startup_saml21.o
                0x0000015c                Reset_Handler
 .text.fan_init_control_switch
                0x000001f4       0x14 fan.o
                0x000001f4                fan_init_control_switch
 .text.fan_init_power_pot
                0x00000208       0x1c fan.o
                0x00000208                fan_init_power_pot
 .text.fan_init_pwm
                0x00000224       0x68 fan.o
                0x00000224                fan_init_pwm
 .text.fan_initialise
                0x0000028c       0x1c fan.o
                0x0000028c                fan_initialise
 .text.sys_init
                0x000002a8       0x24 main.o
                0x000002a8                sys_init
 .text.main     0x000002cc       0x48 main.o
                0x000002cc                main
 .text.led_driver_init
                0x00000314       0x20 npic6c4894-Q100_led_driver.o
                0x00000314                led_driver_init
 .text.led_driver_write
                0x00000334       0x64 npic6c4894-Q100_led_driver.o
                0x00000334                led_driver_write
 .text.TC1_Handler
                0x00000398       0x4c timer3.o
                0x00000398                TC1_Handler
 .text.delay_ms
                0x000003e4       0x14 timer3.o
                0x000003e4                delay_ms
 .text.init_timer1
                0x000003f8       0x70 timer3.o
                0x000003f8                init_timer1
 .text.__libc_init_array
                0x00000468       0x48 d:/program files/atmel/7.0/toolchain/arm/arm-gnu-toolchain/bin/../lib/gcc/arm-none-eabi/6.2.1/../../../../arm-none-eabi/lib/thumb/v6-m\libc.a(lib_a-init.o)
                0x00000468                __libc_init_array
 .text.startup.register_fini
                0x000004b0       0x18 d:/program files/atmel/7.0/toolchain/arm/arm-gnu-toolchain/bin/../lib/gcc/arm-none-eabi/6.2.1/../../../../arm-none-eabi/lib/thumb/v6-m\libc.a(lib_a-__call_atexit.o)
 .text.atexit   0x000004c8       0x10 d:/program files/atmel/7.0/toolchain/arm/arm-gnu-toolchain/bin/../lib/gcc/arm-none-eabi/6.2.1/../../../../arm-none-eabi/lib/thumb/v6-m\libc.a(lib_a-atexit.o)
                0x000004c8                atexit
 .text.__libc_fini_array
                0x000004d8       0x34 d:/program files/atmel/7.0/toolchain/arm/arm-gnu-toolchain/bin/../lib/gcc/arm-none-eabi/6.2.1/../../../../arm-none-eabi/lib/thumb/v6-m\libc.a(lib_a-fini.o)
                0x000004d8                __libc_fini_array
 .text.__register_exitproc
                0x0000050c       0xd4 d:/program files/atmel/7.0/toolchain/arm/arm-gnu-toolchain/bin/../lib/gcc/arm-none-eabi/6.2.1/../../../../arm-none-eabi/lib/thumb/v6-m\libc.a(lib_a-__atexit.o)
                0x0000050c                __register_exitproc
 *(.glue_7t)
 .glue_7t       0x000005e0        0x0 linker stubs
 *(.glue_7)
 .glue_7        0x000005e0        0x0 linker stubs
 *(.rodata .rodata* .gnu.linkonce.r.*)
 .rodata._global_impure_ptr
                0x000005e0        0x4 d:/program files/atmel/7.0/toolchain/arm/arm-gnu-toolchain/bin/../lib/gcc/arm-none-eabi/6.2.1/../../../../arm-none-eabi/lib/thumb/v6-m\libc.a(lib_a-impure.o)
                0x000005e0                _global_impure_ptr
 *(.ARM.extab* .gnu.linkonce.armextab.*)
                0x000005e4                . = ALIGN (0x4)
 *(.init)
 .init          0x000005e4        0x4 d:/program files/atmel/7.0/toolchain/arm/arm-gnu-toolchain/bin/../lib/gcc/arm-none-eabi/6.2.1/thumb/v6-m/crti.o
                0x000005e4                _init
 .init          0x000005e8        0x8 d:/program files/atmel/7.0/toolchain/arm/arm-gnu-toolchain/bin/../lib/gcc/arm-none-eabi/6.2.1/thumb/v6-m/crtn.o
                0x000005f0                . = ALIGN (0x4)
                0x000005f0                __preinit_array_start = .
 *(.preinit_array)
                0x000005f0                __preinit_array_end = .
                0x000005f0                . = ALIGN (0x4)
                0x000005f0                __init_array_start = .
 *(SORT(.init_array.*))
 .init_array.00000
                0x000005f0        0x4 d:/program files/atmel/7.0/toolchain/arm/arm-gnu-toolchain/bin/../lib/gcc/arm-none-eabi/6.2.1/../../../../arm-none-eabi/lib/thumb/v6-m\libc.a(lib_a-__call_atexit.o)
 *(.init_array)
 .init_array    0x000005f4        0x4 d:/program files/atmel/7.0/toolchain/arm/arm-gnu-toolchain/bin/../lib/gcc/arm-none-eabi/6.2.1/thumb/v6-m/crtbegin.o
                0x000005f8                __init_array_end = .
                0x000005f8                . = ALIGN (0x4)
 *crtbegin.o(.ctors)
 *(EXCLUDE_FILE(*crtend.o) .ctors)
 *(SORT(.ctors.*))
 *crtend.o(.ctors)
                0x000005f8                . = ALIGN (0x4)
 *(.fini)
 .fini          0x000005f8        0x4 d:/program files/atmel/7.0/toolchain/arm/arm-gnu-toolchain/bin/../lib/gcc/arm-none-eabi/6.2.1/thumb/v6-m/crti.o
                0x000005f8                _fini
 .fini          0x000005fc        0x8 d:/program files/atmel/7.0/toolchain/arm/arm-gnu-toolchain/bin/../lib/gcc/arm-none-eabi/6.2.1/thumb/v6-m/crtn.o
                0x00000604                . = ALIGN (0x4)
                0x00000604                __fini_array_start = .
 *(.fini_array)
 .fini_array    0x00000604        0x4 d:/program files/atmel/7.0/toolchain/arm/arm-gnu-toolchain/bin/../lib/gcc/arm-none-eabi/6.2.1/thumb/v6-m/crtbegin.o
 *(SORT(.fini_array.*))
                0x00000608                __fini_array_end = .
 *crtbegin.o(.dtors)
 *(EXCLUDE_FILE(*crtend.o) .dtors)
 *(SORT(.dtors.*))
 *crtend.o(.dtors)
                0x00000608                . = ALIGN (0x4)
                0x00000608                _efixed = .
                [!provide]                PROVIDE (__exidx_start, .)

.vfp11_veneer   0x00000608        0x0
 .vfp11_veneer  0x00000608        0x0 linker stubs

.v4_bx          0x00000608        0x0
 .v4_bx         0x00000608        0x0 linker stubs

.iplt           0x00000608        0x0
 .iplt          0x00000608        0x0 d:/program files/atmel/7.0/toolchain/arm/arm-gnu-toolchain/bin/../lib/gcc/arm-none-eabi/6.2.1/thumb/v6-m/crtbegin.o

.eh_frame       0x00000608        0x0
 .eh_frame      0x00000608        0x0 d:/program files/atmel/7.0/toolchain/arm/arm-gnu-toolchain/bin/../lib/gcc/arm-none-eabi/6.2.1/thumb/v6-m/crtbegin.o

.rel.dyn        0x00000608        0x0
 .rel.iplt      0x00000608        0x0 d:/program files/atmel/7.0/toolchain/arm/arm-gnu-toolchain/bin/../lib/gcc/arm-none-eabi/6.2.1/thumb/v6-m/crtbegin.o

.jcr            0x00000608        0x0
 .jcr           0x00000608        0x0 d:/program files/atmel/7.0/toolchain/arm/arm-gnu-toolchain/bin/../lib/gcc/arm-none-eabi/6.2.1/thumb/v6-m/crtbegin.o

.igot.plt       0x00000608        0x0
 .igot.plt      0x00000608        0x0 d:/program files/atmel/7.0/toolchain/arm/arm-gnu-toolchain/bin/../lib/gcc/arm-none-eabi/6.2.1/thumb/v6-m/crtbegin.o

.ARM.exidx
 *(.ARM.exidx* .gnu.linkonce.armexidx.*)
                [!provide]                PROVIDE (__exidx_end, .)
                0x00000608                . = ALIGN (0x4)
                0x00000608                _etext = .

.relocate       0x20000000      0x428 load address 0x00000608
                0x20000000                . = ALIGN (0x4)
                0x20000000                _srelocate = .
 *(.ramfunc .ramfunc.*)
 *(.data .data.*)
 .data.impure_data
                0x20000000      0x428 d:/program files/atmel/7.0/toolchain/arm/arm-gnu-toolchain/bin/../lib/gcc/arm-none-eabi/6.2.1/../../../../arm-none-eabi/lib/thumb/v6-m\libc.a(lib_a-impure.o)
                0x20000428                . = ALIGN (0x4)
                0x20000428                _erelocate = .

.lpram          0x30000000        0x0
                0x30000000                . = ALIGN (0x8)
                0x30000000                _slpram = .
 *(.lpram .lpram.*)
                0x30000000                . = ALIGN (0x8)
                0x30000000                _elpram = .

.bss            0x20000428       0x24 load address 0x00000a30
                0x20000428                . = ALIGN (0x4)
                0x20000428                _sbss = .
                0x20000428                _szero = .
 *(.bss .bss.*)
 .bss           0x20000428       0x1c d:/program files/atmel/7.0/toolchain/arm/arm-gnu-toolchain/bin/../lib/gcc/arm-none-eabi/6.2.1/thumb/v6-m/crtbegin.o
 .bss           0x20000444        0x5 timer3.o
                0x20000444                ticks
                0x20000448                ledFlashTic
 *(COMMON)
                0x2000044c                . = ALIGN (0x4)
 *fill*         0x20000449        0x3 
                0x2000044c                _ebss = .
                0x2000044c                _ezero = .

.stack          0x2000044c     0x2004 load address 0x00000a54
                0x20000450                . = ALIGN (0x8)
 *fill*         0x2000044c        0x4 
                0x20000450                _sstack = .
                0x20002450                . = (. + STACK_SIZE)
 *fill*         0x20000450     0x2000 
                0x20002450                . = ALIGN (0x8)
                0x20002450                _estack = .
                0x20002450                . = ALIGN (0x4)
                0x20002450                _end = .
OUTPUT(Work Station Controls Firmware.elf elf32-littlearm)

.ARM.attributes
                0x00000000       0x28
 .ARM.attributes
                0x00000000       0x1e d:/program files/atmel/7.0/toolchain/arm/arm-gnu-toolchain/bin/../lib/gcc/arm-none-eabi/6.2.1/thumb/v6-m/crti.o
 .ARM.attributes
                0x0000001e       0x2c d:/program files/atmel/7.0/toolchain/arm/arm-gnu-toolchain/bin/../lib/gcc/arm-none-eabi/6.2.1/thumb/v6-m/crtbegin.o
 .ARM.attributes
                0x0000004a       0x32 adc.o
 .ARM.attributes
                0x0000007c       0x32 Device_Startup/startup_saml21.o
 .ARM.attributes
                0x000000ae       0x32 fan.o
 .ARM.attributes
                0x000000e0       0x32 main.o
 .ARM.attributes
                0x00000112       0x32 npic6c4894-Q100_led_driver.o
 .ARM.attributes
                0x00000144       0x32 timer3.o
 .ARM.attributes
                0x00000176       0x2c d:/program files/atmel/7.0/toolchain/arm/arm-gnu-toolchain/bin/../lib/gcc/arm-none-eabi/6.2.1/../../../../arm-none-eabi/lib/thumb/v6-m\libc.a(lib_a-impure.o)
 .ARM.attributes
                0x000001a2       0x2c d:/program files/atmel/7.0/toolchain/arm/arm-gnu-toolchain/bin/../lib/gcc/arm-none-eabi/6.2.1/../../../../arm-none-eabi/lib/thumb/v6-m\libc.a(lib_a-init.o)
 .ARM.attributes
                0x000001ce       0x2c d:/program files/atmel/7.0/toolchain/arm/arm-gnu-toolchain/bin/../lib/gcc/arm-none-eabi/6.2.1/../../../../arm-none-eabi/lib/thumb/v6-m\libc.a(lib_a-__call_atexit.o)
 .ARM.attributes
                0x000001fa       0x2c d:/program files/atmel/7.0/toolchain/arm/arm-gnu-toolchain/bin/../lib/gcc/arm-none-eabi/6.2.1/../../../../arm-none-eabi/lib/thumb/v6-m\libc.a(lib_a-atexit.o)
 .ARM.attributes
                0x00000226       0x2c d:/program files/atmel/7.0/toolchain/arm/arm-gnu-toolchain/bin/../lib/gcc/arm-none-eabi/6.2.1/../../../../arm-none-eabi/lib/thumb/v6-m\libc.a(lib_a-fini.o)
 .ARM.attributes
                0x00000252       0x2c d:/program files/atmel/7.0/toolchain/arm/arm-gnu-toolchain/bin/../lib/gcc/arm-none-eabi/6.2.1/../../../../arm-none-eabi/lib/thumb/v6-m\libc.a(lib_a-__atexit.o)
 .ARM.attributes
                0x0000027e       0x1e d:/program files/atmel/7.0/toolchain/arm/arm-gnu-toolchain/bin/../lib/gcc/arm-none-eabi/6.2.1/thumb/v6-m/crtn.o

.comment        0x00000000       0x59
 .comment       0x00000000       0x59 adc.o
                                 0x5a (size before relaxing)
 .comment       0x00000059       0x5a Device_Startup/startup_saml21.o
 .comment       0x00000059       0x5a fan.o
 .comment       0x00000059       0x5a main.o
 .comment       0x00000059       0x5a npic6c4894-Q100_led_driver.o
 .comment       0x00000059       0x5a timer3.o

.debug_info     0x00000000     0xb372
 .debug_info    0x00000000     0x17ae adc.o
 .debug_info    0x000017ae      0xa27 Device_Startup/startup_saml21.o
 .debug_info    0x000021d5     0x3295 fan.o
 .debug_info    0x0000546a     0x2e5a main.o
 .debug_info    0x000082c4      0x9ff npic6c4894-Q100_led_driver.o
 .debug_info    0x00008cc3     0x26af timer3.o

.debug_abbrev   0x00000000      0xcad
 .debug_abbrev  0x00000000      0x197 adc.o
 .debug_abbrev  0x00000197      0x1e4 Device_Startup/startup_saml21.o
 .debug_abbrev  0x0000037b      0x297 fan.o
 .debug_abbrev  0x00000612      0x20c main.o
 .debug_abbrev  0x0000081e      0x211 npic6c4894-Q100_led_driver.o
 .debug_abbrev  0x00000a2f      0x27e timer3.o

.debug_loc      0x00000000      0x292
 .debug_loc     0x00000000       0x21 adc.o
 .debug_loc     0x00000021       0x40 Device_Startup/startup_saml21.o
 .debug_loc     0x00000061      0x111 fan.o
 .debug_loc     0x00000172       0x4a main.o
 .debug_loc     0x000001bc       0x8b npic6c4894-Q100_led_driver.o
 .debug_loc     0x00000247       0x4b timer3.o

.debug_aranges  0x00000000      0x148
 .debug_aranges
                0x00000000       0x28 adc.o
 .debug_aranges
                0x00000028       0x28 Device_Startup/startup_saml21.o
 .debug_aranges
                0x00000050       0x60 fan.o
 .debug_aranges
                0x000000b0       0x28 main.o
 .debug_aranges
                0x000000d8       0x38 npic6c4894-Q100_led_driver.o
 .debug_aranges
                0x00000110       0x38 timer3.o

.debug_ranges   0x00000000      0x118
 .debug_ranges  0x00000000       0x18 adc.o
 .debug_ranges  0x00000018       0x18 Device_Startup/startup_saml21.o
 .debug_ranges  0x00000030       0x50 fan.o
 .debug_ranges  0x00000080       0x18 main.o
 .debug_ranges  0x00000098       0x58 npic6c4894-Q100_led_driver.o
 .debug_ranges  0x000000f0       0x28 timer3.o

.debug_macro    0x00000000    0x14192
 .debug_macro   0x00000000      0x365 adc.o
 .debug_macro   0x00000365      0x898 adc.o
 .debug_macro   0x00000bfd       0x22 adc.o
 .debug_macro   0x00000c1f       0x87 adc.o
 .debug_macro   0x00000ca6       0x51 adc.o
 .debug_macro   0x00000cf7       0xef adc.o
 .debug_macro   0x00000de6       0x6a adc.o
 .debug_macro   0x00000e50      0x1df adc.o
 .debug_macro   0x0000102f       0x40 adc.o
 .debug_macro   0x0000106f       0x28 adc.o
 .debug_macro   0x00001097       0x85 adc.o
 .debug_macro   0x0000111c      0x375 adc.o
 .debug_macro   0x00001491      0x713 adc.o
 .debug_macro   0x00001ba4      0x8ef adc.o
 .debug_macro   0x00002493      0x279 adc.o
 .debug_macro   0x0000270c      0x21d adc.o
 .debug_macro   0x00002929      0x4d0 adc.o
 .debug_macro   0x00002df9      0xe12 adc.o
 .debug_macro   0x00003c0b      0x5b6 adc.o
 .debug_macro   0x000041c1      0x5be adc.o
 .debug_macro   0x0000477f      0x823 adc.o
 .debug_macro   0x00004fa2      0x305 adc.o
 .debug_macro   0x000052a7      0x5d3 adc.o
 .debug_macro   0x0000587a      0x21c adc.o
 .debug_macro   0x00005a96      0x728 adc.o
 .debug_macro   0x000061be      0x16e adc.o
 .debug_macro   0x0000632c      0x70e adc.o
 .debug_macro   0x00006a3a      0x28c adc.o
 .debug_macro   0x00006cc6      0x6fd adc.o
 .debug_macro   0x000073c3      0x2c4 adc.o
 .debug_macro   0x00007687      0x3c0 adc.o
 .debug_macro   0x00007a47      0x19f adc.o
 .debug_macro   0x00007be6     0x125f adc.o
 .debug_macro   0x00008e45      0xf4c adc.o
 .debug_macro   0x00009d91      0x866 adc.o
 .debug_macro   0x0000a5f7      0xa36 adc.o
 .debug_macro   0x0000b02d      0x8ad adc.o
 .debug_macro   0x0000b8da     0x19bd adc.o
 .debug_macro   0x0000d297       0xe7 adc.o
 .debug_macro   0x0000d37e     0x13e6 adc.o
 .debug_macro   0x0000e764      0x369 adc.o
 .debug_macro   0x0000eacd       0x7c adc.o
 .debug_macro   0x0000eb49       0xac adc.o
 .debug_macro   0x0000ebf5       0xca adc.o
 .debug_macro   0x0000ecbf       0x4c adc.o
 .debug_macro   0x0000ed0b       0x94 adc.o
 .debug_macro   0x0000ed9f       0xdc adc.o
 .debug_macro   0x0000ee7b       0xb2 adc.o
 .debug_macro   0x0000ef2d       0x64 adc.o
 .debug_macro   0x0000ef91      0x5b1 adc.o
 .debug_macro   0x0000f542      0x19c adc.o
 .debug_macro   0x0000f6de       0x70 adc.o
 .debug_macro   0x0000f74e       0xa0 adc.o
 .debug_macro   0x0000f7ee       0xc4 adc.o
 .debug_macro   0x0000f8b2       0x28 adc.o
 .debug_macro   0x0000f8da       0xa0 adc.o
 .debug_macro   0x0000f97a       0x40 adc.o
 .debug_macro   0x0000f9ba       0x7c adc.o
 .debug_macro   0x0000fa36       0x40 adc.o
 .debug_macro   0x0000fa76      0x16c adc.o
 .debug_macro   0x0000fbe2       0x34 adc.o
 .debug_macro   0x0000fc16       0xee adc.o
 .debug_macro   0x0000fd04      0x12a adc.o
 .debug_macro   0x0000fe2e      0x12a adc.o
 .debug_macro   0x0000ff58      0x12a adc.o
 .debug_macro   0x00010082      0x12a adc.o
 .debug_macro   0x000101ac      0x12a adc.o
 .debug_macro   0x000102d6      0x12a adc.o
 .debug_macro   0x00010400       0x5e adc.o
 .debug_macro   0x0001045e      0x197 adc.o
 .debug_macro   0x000105f5       0xfa adc.o
 .debug_macro   0x000106ef       0xfa adc.o
 .debug_macro   0x000107e9       0xfa adc.o
 .debug_macro   0x000108e3      0x124 adc.o
 .debug_macro   0x00010a07       0xfa adc.o
 .debug_macro   0x00010b01       0xee adc.o
 .debug_macro   0x00010bef       0x2e adc.o
 .debug_macro   0x00010c1d      0x40f adc.o
 .debug_macro   0x0001102c       0x3a adc.o
 .debug_macro   0x00011066      0x42c adc.o
 .debug_macro   0x00011492     0x1b49 adc.o
 .debug_macro   0x00012fdb       0x90 adc.o
 .debug_macro   0x0001306b      0x35b Device_Startup/startup_saml21.o
 .debug_macro   0x000133c6      0x379 fan.o
 .debug_macro   0x0001373f      0x383 main.o
 .debug_macro   0x00013ac2      0x365 npic6c4894-Q100_led_driver.o
 .debug_macro   0x00013e27      0x36b timer3.o

.debug_line     0x00000000     0x2aa4
 .debug_line    0x00000000      0x6cc adc.o
 .debug_line    0x000006cc      0x6d4 Device_Startup/startup_saml21.o
 .debug_line    0x00000da0      0x798 fan.o
 .debug_line    0x00001538      0x712 main.o
 .debug_line    0x00001c4a      0x74e npic6c4894-Q100_led_driver.o
 .debug_line    0x00002398      0x70c timer3.o

.debug_str      0x00000000    0x7c63f
 .debug_str     0x00000000    0x7aff2 adc.o
                              0x7b3f1 (size before relaxing)
 .debug_str     0x0007aff2      0x4cf Device_Startup/startup_saml21.o
                              0x7b1fe (size before relaxing)
 .debug_str     0x0007b4c1      0x85a fan.o
                              0x7b96f (size before relaxing)
 .debug_str     0x0007bd1b      0x454 main.o
                              0x7b7d0 (size before relaxing)
 .debug_str     0x0007c16f       0xaa npic6c4894-Q100_led_driver.o
                              0x7af92 (size before relaxing)
 .debug_str     0x0007c219      0x426 timer3.o
                              0x7b7e6 (size before relaxing)

.debug_frame    0x00000000      0x328
 .debug_frame   0x00000000       0x30 adc.o
 .debug_frame   0x00000030       0x38 Device_Startup/startup_saml21.o
 .debug_frame   0x00000068       0xc0 fan.o
 .debug_frame   0x00000128       0x3c main.o
 .debug_frame   0x00000164       0x64 npic6c4894-Q100_led_driver.o
 .debug_frame   0x000001c8       0x50 timer3.o
 .debug_frame   0x00000218       0x2c d:/program files/atmel/7.0/toolchain/arm/arm-gnu-toolchain/bin/../lib/gcc/arm-none-eabi/6.2.1/../../../../arm-none-eabi/lib/thumb/v6-m\libc.a(lib_a-init.o)
 .debug_frame   0x00000244       0x54 d:/program files/atmel/7.0/toolchain/arm/arm-gnu-toolchain/bin/../lib/gcc/arm-none-eabi/6.2.1/../../../../arm-none-eabi/lib/thumb/v6-m\libc.a(lib_a-__call_atexit.o)
 .debug_frame   0x00000298       0x28 d:/program files/atmel/7.0/toolchain/arm/arm-gnu-toolchain/bin/../lib/gcc/arm-none-eabi/6.2.1/../../../../arm-none-eabi/lib/thumb/v6-m\libc.a(lib_a-atexit.o)
 .debug_frame   0x000002c0       0x2c d:/program files/atmel/7.0/toolchain/arm/arm-gnu-toolchain/bin/../lib/gcc/arm-none-eabi/6.2.1/../../../../arm-none-eabi/lib/thumb/v6-m\libc.a(lib_a-fini.o)
 .debug_frame   0x000002ec       0x3c d:/program files/atmel/7.0/toolchain/arm/arm-gnu-toolchain/bin/../lib/gcc/arm-none-eabi/6.2.1/../../../../arm-none-eabi/lib/thumb/v6-m\libc.a(lib_a-__atexit.o)
