Archive member included to satisfy reference by file (symbol)

c:/program files (x86)/atmel/studio/7.0/toolchain/arm/arm-gnu-toolchain/bin/../lib/gcc/arm-none-eabi/6.3.1/../../../../arm-none-eabi/lib/thumb/v6-m\libc.a(lib_a-exit.o)
                              c:/program files (x86)/atmel/studio/7.0/toolchain/arm/arm-gnu-toolchain/bin/../lib/gcc/arm-none-eabi/6.3.1/../../../../arm-none-eabi/lib/thumb/v6-m/crt0.o (exit)
c:/program files (x86)/atmel/studio/7.0/toolchain/arm/arm-gnu-toolchain/bin/../lib/gcc/arm-none-eabi/6.3.1/../../../../arm-none-eabi/lib/thumb/v6-m\libc.a(lib_a-impure.o)
                              c:/program files (x86)/atmel/studio/7.0/toolchain/arm/arm-gnu-toolchain/bin/../lib/gcc/arm-none-eabi/6.3.1/../../../../arm-none-eabi/lib/thumb/v6-m\libc.a(lib_a-exit.o) (_global_impure_ptr)
c:/program files (x86)/atmel/studio/7.0/toolchain/arm/arm-gnu-toolchain/bin/../lib/gcc/arm-none-eabi/6.3.1/../../../../arm-none-eabi/lib/thumb/v6-m\libc.a(lib_a-init.o)
                              c:/program files (x86)/atmel/studio/7.0/toolchain/arm/arm-gnu-toolchain/bin/../lib/gcc/arm-none-eabi/6.3.1/../../../../arm-none-eabi/lib/thumb/v6-m/crt0.o (__libc_init_array)
c:/program files (x86)/atmel/studio/7.0/toolchain/arm/arm-gnu-toolchain/bin/../lib/gcc/arm-none-eabi/6.3.1/../../../../arm-none-eabi/lib/thumb/v6-m\libc.a(lib_a-memset.o)
                              c:/program files (x86)/atmel/studio/7.0/toolchain/arm/arm-gnu-toolchain/bin/../lib/gcc/arm-none-eabi/6.3.1/../../../../arm-none-eabi/lib/thumb/v6-m/crt0.o (memset)
c:/program files (x86)/atmel/studio/7.0/toolchain/arm/arm-gnu-toolchain/bin/../lib/gcc/arm-none-eabi/6.3.1/../../../../arm-none-eabi/lib/thumb/v6-m\libc.a(lib_a-__call_atexit.o)
                              c:/program files (x86)/atmel/studio/7.0/toolchain/arm/arm-gnu-toolchain/bin/../lib/gcc/arm-none-eabi/6.3.1/../../../../arm-none-eabi/lib/thumb/v6-m\libc.a(lib_a-exit.o) (__call_exitprocs)
c:/program files (x86)/atmel/studio/7.0/toolchain/arm/arm-gnu-toolchain/bin/../lib/gcc/arm-none-eabi/6.3.1/../../../../arm-none-eabi/lib/thumb/v6-m\libc.a(lib_a-atexit.o)
                              c:/program files (x86)/atmel/studio/7.0/toolchain/arm/arm-gnu-toolchain/bin/../lib/gcc/arm-none-eabi/6.3.1/../../../../arm-none-eabi/lib/thumb/v6-m\libc.a(lib_a-__call_atexit.o) (atexit)
c:/program files (x86)/atmel/studio/7.0/toolchain/arm/arm-gnu-toolchain/bin/../lib/gcc/arm-none-eabi/6.3.1/../../../../arm-none-eabi/lib/thumb/v6-m\libc.a(lib_a-fini.o)
                              c:/program files (x86)/atmel/studio/7.0/toolchain/arm/arm-gnu-toolchain/bin/../lib/gcc/arm-none-eabi/6.3.1/../../../../arm-none-eabi/lib/thumb/v6-m\libc.a(lib_a-__call_atexit.o) (__libc_fini_array)
c:/program files (x86)/atmel/studio/7.0/toolchain/arm/arm-gnu-toolchain/bin/../lib/gcc/arm-none-eabi/6.3.1/../../../../arm-none-eabi/lib/thumb/v6-m\libc.a(lib_a-lock.o)
                              c:/program files (x86)/atmel/studio/7.0/toolchain/arm/arm-gnu-toolchain/bin/../lib/gcc/arm-none-eabi/6.3.1/../../../../arm-none-eabi/lib/thumb/v6-m\libc.a(lib_a-__call_atexit.o) (__retarget_lock_acquire_recursive)
c:/program files (x86)/atmel/studio/7.0/toolchain/arm/arm-gnu-toolchain/bin/../lib/gcc/arm-none-eabi/6.3.1/../../../../arm-none-eabi/lib/thumb/v6-m\libc.a(lib_a-__atexit.o)
                              c:/program files (x86)/atmel/studio/7.0/toolchain/arm/arm-gnu-toolchain/bin/../lib/gcc/arm-none-eabi/6.3.1/../../../../arm-none-eabi/lib/thumb/v6-m\libc.a(lib_a-atexit.o) (__register_exitproc)

Allocating common symbols
Common symbol       size              file

__lock___atexit_recursive_mutex
                    0x1               c:/program files (x86)/atmel/studio/7.0/toolchain/arm/arm-gnu-toolchain/bin/../lib/gcc/arm-none-eabi/6.3.1/../../../../arm-none-eabi/lib/thumb/v6-m\libc.a(lib_a-lock.o)
__lock___arc4random_mutex
                    0x1               c:/program files (x86)/atmel/studio/7.0/toolchain/arm/arm-gnu-toolchain/bin/../lib/gcc/arm-none-eabi/6.3.1/../../../../arm-none-eabi/lib/thumb/v6-m\libc.a(lib_a-lock.o)
__lock___env_recursive_mutex
                    0x1               c:/program files (x86)/atmel/studio/7.0/toolchain/arm/arm-gnu-toolchain/bin/../lib/gcc/arm-none-eabi/6.3.1/../../../../arm-none-eabi/lib/thumb/v6-m\libc.a(lib_a-lock.o)
__lock___sinit_recursive_mutex
                    0x1               c:/program files (x86)/atmel/studio/7.0/toolchain/arm/arm-gnu-toolchain/bin/../lib/gcc/arm-none-eabi/6.3.1/../../../../arm-none-eabi/lib/thumb/v6-m\libc.a(lib_a-lock.o)
__lock___malloc_recursive_mutex
                    0x1               c:/program files (x86)/atmel/studio/7.0/toolchain/arm/arm-gnu-toolchain/bin/../lib/gcc/arm-none-eabi/6.3.1/../../../../arm-none-eabi/lib/thumb/v6-m\libc.a(lib_a-lock.o)
__lock___at_quick_exit_mutex
                    0x1               c:/program files (x86)/atmel/studio/7.0/toolchain/arm/arm-gnu-toolchain/bin/../lib/gcc/arm-none-eabi/6.3.1/../../../../arm-none-eabi/lib/thumb/v6-m\libc.a(lib_a-lock.o)
__lock___dd_hash_mutex
                    0x1               c:/program files (x86)/atmel/studio/7.0/toolchain/arm/arm-gnu-toolchain/bin/../lib/gcc/arm-none-eabi/6.3.1/../../../../arm-none-eabi/lib/thumb/v6-m\libc.a(lib_a-lock.o)
__lock___tz_mutex   0x1               c:/program files (x86)/atmel/studio/7.0/toolchain/arm/arm-gnu-toolchain/bin/../lib/gcc/arm-none-eabi/6.3.1/../../../../arm-none-eabi/lib/thumb/v6-m\libc.a(lib_a-lock.o)
__lock___sfp_recursive_mutex
                    0x1               c:/program files (x86)/atmel/studio/7.0/toolchain/arm/arm-gnu-toolchain/bin/../lib/gcc/arm-none-eabi/6.3.1/../../../../arm-none-eabi/lib/thumb/v6-m\libc.a(lib_a-lock.o)

Discarded input sections

 .text          0x00000000        0x0 c:/program files (x86)/atmel/studio/7.0/toolchain/arm/arm-gnu-toolchain/bin/../lib/gcc/arm-none-eabi/6.3.1/thumb/v6-m/crti.o
 .data          0x00000000        0x0 c:/program files (x86)/atmel/studio/7.0/toolchain/arm/arm-gnu-toolchain/bin/../lib/gcc/arm-none-eabi/6.3.1/thumb/v6-m/crti.o
 .bss           0x00000000        0x0 c:/program files (x86)/atmel/studio/7.0/toolchain/arm/arm-gnu-toolchain/bin/../lib/gcc/arm-none-eabi/6.3.1/thumb/v6-m/crti.o
 .data          0x00000000        0x4 c:/program files (x86)/atmel/studio/7.0/toolchain/arm/arm-gnu-toolchain/bin/../lib/gcc/arm-none-eabi/6.3.1/thumb/v6-m/crtbegin.o
 .text          0x00000000       0x78 c:/program files (x86)/atmel/studio/7.0/toolchain/arm/arm-gnu-toolchain/bin/../lib/gcc/arm-none-eabi/6.3.1/../../../../arm-none-eabi/lib/thumb/v6-m/crt0.o
 .data          0x00000000        0x0 c:/program files (x86)/atmel/studio/7.0/toolchain/arm/arm-gnu-toolchain/bin/../lib/gcc/arm-none-eabi/6.3.1/../../../../arm-none-eabi/lib/thumb/v6-m/crt0.o
 .bss           0x00000000        0x0 c:/program files (x86)/atmel/studio/7.0/toolchain/arm/arm-gnu-toolchain/bin/../lib/gcc/arm-none-eabi/6.3.1/../../../../arm-none-eabi/lib/thumb/v6-m/crt0.o
 .ARM.extab     0x00000000        0x0 c:/program files (x86)/atmel/studio/7.0/toolchain/arm/arm-gnu-toolchain/bin/../lib/gcc/arm-none-eabi/6.3.1/../../../../arm-none-eabi/lib/thumb/v6-m/crt0.o
 .ARM.exidx     0x00000000        0x8 c:/program files (x86)/atmel/studio/7.0/toolchain/arm/arm-gnu-toolchain/bin/../lib/gcc/arm-none-eabi/6.3.1/../../../../arm-none-eabi/lib/thumb/v6-m/crt0.o
 .ARM.attributes
                0x00000000       0x1b c:/program files (x86)/atmel/studio/7.0/toolchain/arm/arm-gnu-toolchain/bin/../lib/gcc/arm-none-eabi/6.3.1/../../../../arm-none-eabi/lib/thumb/v6-m/crt0.o
 .group         0x00000000        0x8 adc.o
 .group         0x00000000        0x8 adc.o
 .group         0x00000000        0x8 adc.o
 .group         0x00000000        0x8 adc.o
 .group         0x00000000        0x8 adc.o
 .group         0x00000000        0x8 adc.o
 .group         0x00000000        0x8 adc.o
 .group         0x00000000        0x8 adc.o
 .group         0x00000000        0x8 adc.o
 .group         0x00000000        0x8 adc.o
 .group         0x00000000        0x8 adc.o
 .group         0x00000000        0x8 adc.o
 .group         0x00000000        0x8 adc.o
 .group         0x00000000        0x8 adc.o
 .group         0x00000000        0x8 adc.o
 .group         0x00000000        0x8 adc.o
 .group         0x00000000        0x8 adc.o
 .group         0x00000000        0x8 adc.o
 .group         0x00000000        0x8 adc.o
 .group         0x00000000        0x8 adc.o
 .group         0x00000000        0x8 adc.o
 .group         0x00000000        0x8 adc.o
 .group         0x00000000        0x8 adc.o
 .group         0x00000000        0x8 adc.o
 .group         0x00000000        0x8 adc.o
 .group         0x00000000        0x8 adc.o
 .group         0x00000000        0x8 adc.o
 .group         0x00000000        0x8 adc.o
 .group         0x00000000        0x8 adc.o
 .group         0x00000000        0x8 adc.o
 .group         0x00000000        0x8 adc.o
 .group         0x00000000        0x8 adc.o
 .group         0x00000000        0x8 adc.o
 .group         0x00000000        0x8 adc.o
 .group         0x00000000        0x8 adc.o
 .group         0x00000000        0x8 adc.o
 .group         0x00000000        0x8 adc.o
 .group         0x00000000        0x8 adc.o
 .group         0x00000000        0x8 adc.o
 .group         0x00000000        0x8 adc.o
 .group         0x00000000        0x8 adc.o
 .group         0x00000000        0x8 adc.o
 .group         0x00000000        0x8 adc.o
 .group         0x00000000        0x8 adc.o
 .group         0x00000000        0x8 adc.o
 .group         0x00000000        0x8 adc.o
 .group         0x00000000        0x8 adc.o
 .group         0x00000000        0x8 adc.o
 .group         0x00000000        0x8 adc.o
 .group         0x00000000        0x8 adc.o
 .group         0x00000000        0x8 adc.o
 .group         0x00000000        0x8 adc.o
 .group         0x00000000        0x8 adc.o
 .group         0x00000000        0x8 adc.o
 .group         0x00000000        0x8 adc.o
 .group         0x00000000        0x8 adc.o
 .group         0x00000000        0x8 adc.o
 .group         0x00000000        0x8 adc.o
 .group         0x00000000        0x8 adc.o
 .group         0x00000000        0x8 adc.o
 .group         0x00000000        0x8 adc.o
 .group         0x00000000        0x8 adc.o
 .group         0x00000000        0x8 adc.o
 .group         0x00000000        0x8 adc.o
 .group         0x00000000        0x8 adc.o
 .group         0x00000000        0x8 adc.o
 .group         0x00000000        0x8 adc.o
 .group         0x00000000        0x8 adc.o
 .group         0x00000000        0x8 adc.o
 .group         0x00000000        0x8 adc.o
 .group         0x00000000        0x8 adc.o
 .group         0x00000000        0x8 adc.o
 .group         0x00000000        0x8 adc.o
 .group         0x00000000        0x8 adc.o
 .group         0x00000000        0x8 adc.o
 .group         0x00000000        0x8 adc.o
 .group         0x00000000        0x8 adc.o
 .group         0x00000000        0x8 adc.o
 .group         0x00000000        0x8 adc.o
 .group         0x00000000        0x8 adc.o
 .group         0x00000000        0x8 adc.o
 .text          0x00000000        0x0 adc.o
 .data          0x00000000        0x0 adc.o
 .bss           0x00000000        0x0 adc.o
 .group         0x00000000        0x8 Device_Startup/startup_saml21.o
 .group         0x00000000        0x8 Device_Startup/startup_saml21.o
 .group         0x00000000        0x8 Device_Startup/startup_saml21.o
 .group         0x00000000        0x8 Device_Startup/startup_saml21.o
 .group         0x00000000        0x8 Device_Startup/startup_saml21.o
 .group         0x00000000        0x8 Device_Startup/startup_saml21.o
 .group         0x00000000        0x8 Device_Startup/startup_saml21.o
 .group         0x00000000        0x8 Device_Startup/startup_saml21.o
 .group         0x00000000        0x8 Device_Startup/startup_saml21.o
 .group         0x00000000        0x8 Device_Startup/startup_saml21.o
 .group         0x00000000        0x8 Device_Startup/startup_saml21.o
 .group         0x00000000        0x8 Device_Startup/startup_saml21.o
 .group         0x00000000        0x8 Device_Startup/startup_saml21.o
 .group         0x00000000        0x8 Device_Startup/startup_saml21.o
 .group         0x00000000        0x8 Device_Startup/startup_saml21.o
 .group         0x00000000        0x8 Device_Startup/startup_saml21.o
 .group         0x00000000        0x8 Device_Startup/startup_saml21.o
 .group         0x00000000        0x8 Device_Startup/startup_saml21.o
 .group         0x00000000        0x8 Device_Startup/startup_saml21.o
 .group         0x00000000        0x8 Device_Startup/startup_saml21.o
 .group         0x00000000        0x8 Device_Startup/startup_saml21.o
 .group         0x00000000        0x8 Device_Startup/startup_saml21.o
 .group         0x00000000        0x8 Device_Startup/startup_saml21.o
 .group         0x00000000        0x8 Device_Startup/startup_saml21.o
 .group         0x00000000        0x8 Device_Startup/startup_saml21.o
 .group         0x00000000        0x8 Device_Startup/startup_saml21.o
 .group         0x00000000        0x8 Device_Startup/startup_saml21.o
 .group         0x00000000        0x8 Device_Startup/startup_saml21.o
 .group         0x00000000        0x8 Device_Startup/startup_saml21.o
 .group         0x00000000        0x8 Device_Startup/startup_saml21.o
 .group         0x00000000        0x8 Device_Startup/startup_saml21.o
 .group         0x00000000        0x8 Device_Startup/startup_saml21.o
 .group         0x00000000        0x8 Device_Startup/startup_saml21.o
 .group         0x00000000        0x8 Device_Startup/startup_saml21.o
 .group         0x00000000        0x8 Device_Startup/startup_saml21.o
 .group         0x00000000        0x8 Device_Startup/startup_saml21.o
 .group         0x00000000        0x8 Device_Startup/startup_saml21.o
 .group         0x00000000        0x8 Device_Startup/startup_saml21.o
 .group         0x00000000        0x8 Device_Startup/startup_saml21.o
 .group         0x00000000        0x8 Device_Startup/startup_saml21.o
 .group         0x00000000        0x8 Device_Startup/startup_saml21.o
 .group         0x00000000        0x8 Device_Startup/startup_saml21.o
 .group         0x00000000        0x8 Device_Startup/startup_saml21.o
 .group         0x00000000        0x8 Device_Startup/startup_saml21.o
 .group         0x00000000        0x8 Device_Startup/startup_saml21.o
 .group         0x00000000        0x8 Device_Startup/startup_saml21.o
 .group         0x00000000        0x8 Device_Startup/startup_saml21.o
 .group         0x00000000        0x8 Device_Startup/startup_saml21.o
 .group         0x00000000        0x8 Device_Startup/startup_saml21.o
 .group         0x00000000        0x8 Device_Startup/startup_saml21.o
 .group         0x00000000        0x8 Device_Startup/startup_saml21.o
 .group         0x00000000        0x8 Device_Startup/startup_saml21.o
 .group         0x00000000        0x8 Device_Startup/startup_saml21.o
 .group         0x00000000        0x8 Device_Startup/startup_saml21.o
 .group         0x00000000        0x8 Device_Startup/startup_saml21.o
 .group         0x00000000        0x8 Device_Startup/startup_saml21.o
 .group         0x00000000        0x8 Device_Startup/startup_saml21.o
 .group         0x00000000        0x8 Device_Startup/startup_saml21.o
 .group         0x00000000        0x8 Device_Startup/startup_saml21.o
 .group         0x00000000        0x8 Device_Startup/startup_saml21.o
 .group         0x00000000        0x8 Device_Startup/startup_saml21.o
 .group         0x00000000        0x8 Device_Startup/startup_saml21.o
 .group         0x00000000        0x8 Device_Startup/startup_saml21.o
 .group         0x00000000        0x8 Device_Startup/startup_saml21.o
 .group         0x00000000        0x8 Device_Startup/startup_saml21.o
 .group         0x00000000        0x8 Device_Startup/startup_saml21.o
 .group         0x00000000        0x8 Device_Startup/startup_saml21.o
 .group         0x00000000        0x8 Device_Startup/startup_saml21.o
 .group         0x00000000        0x8 Device_Startup/startup_saml21.o
 .group         0x00000000        0x8 Device_Startup/startup_saml21.o
 .group         0x00000000        0x8 Device_Startup/startup_saml21.o
 .group         0x00000000        0x8 Device_Startup/startup_saml21.o
 .group         0x00000000        0x8 Device_Startup/startup_saml21.o
 .group         0x00000000        0x8 Device_Startup/startup_saml21.o
 .group         0x00000000        0x8 Device_Startup/startup_saml21.o
 .group         0x00000000        0x8 Device_Startup/startup_saml21.o
 .group         0x00000000        0x8 Device_Startup/startup_saml21.o
 .group         0x00000000        0x8 Device_Startup/startup_saml21.o
 .group         0x00000000        0x8 Device_Startup/startup_saml21.o
 .group         0x00000000        0x8 Device_Startup/startup_saml21.o
 .group         0x00000000        0x8 Device_Startup/startup_saml21.o
 .text          0x00000000        0x0 Device_Startup/startup_saml21.o
 .data          0x00000000        0x0 Device_Startup/startup_saml21.o
 .bss           0x00000000        0x0 Device_Startup/startup_saml21.o
 .debug_macro   0x00000000      0x89e Device_Startup/startup_saml21.o
 .debug_macro   0x00000000       0x22 Device_Startup/startup_saml21.o
 .debug_macro   0x00000000       0x87 Device_Startup/startup_saml21.o
 .debug_macro   0x00000000       0x51 Device_Startup/startup_saml21.o
 .debug_macro   0x00000000       0xef Device_Startup/startup_saml21.o
 .debug_macro   0x00000000       0x6a Device_Startup/startup_saml21.o
 .debug_macro   0x00000000      0x1df Device_Startup/startup_saml21.o
 .debug_macro   0x00000000       0x40 Device_Startup/startup_saml21.o
 .debug_macro   0x00000000       0x28 Device_Startup/startup_saml21.o
 .debug_macro   0x00000000       0x85 Device_Startup/startup_saml21.o
 .debug_macro   0x00000000      0x375 Device_Startup/startup_saml21.o
 .debug_macro   0x00000000      0x713 Device_Startup/startup_saml21.o
 .debug_macro   0x00000000      0x8ef Device_Startup/startup_saml21.o
 .debug_macro   0x00000000      0x279 Device_Startup/startup_saml21.o
 .debug_macro   0x00000000      0x21d Device_Startup/startup_saml21.o
 .debug_macro   0x00000000      0x4d0 Device_Startup/startup_saml21.o
 .debug_macro   0x00000000      0xe12 Device_Startup/startup_saml21.o
 .debug_macro   0x00000000      0x5b6 Device_Startup/startup_saml21.o
 .debug_macro   0x00000000      0x5be Device_Startup/startup_saml21.o
 .debug_macro   0x00000000      0x823 Device_Startup/startup_saml21.o
 .debug_macro   0x00000000      0x305 Device_Startup/startup_saml21.o
 .debug_macro   0x00000000      0x5d3 Device_Startup/startup_saml21.o
 .debug_macro   0x00000000      0x21c Device_Startup/startup_saml21.o
 .debug_macro   0x00000000      0x728 Device_Startup/startup_saml21.o
 .debug_macro   0x00000000      0x16e Device_Startup/startup_saml21.o
 .debug_macro   0x00000000      0x70e Device_Startup/startup_saml21.o
 .debug_macro   0x00000000      0x28c Device_Startup/startup_saml21.o
 .debug_macro   0x00000000      0x6fd Device_Startup/startup_saml21.o
 .debug_macro   0x00000000      0x2c4 Device_Startup/startup_saml21.o
 .debug_macro   0x00000000      0x3c0 Device_Startup/startup_saml21.o
 .debug_macro   0x00000000      0x19f Device_Startup/startup_saml21.o
 .debug_macro   0x00000000     0x125f Device_Startup/startup_saml21.o
 .debug_macro   0x00000000      0xf4c Device_Startup/startup_saml21.o
 .debug_macro   0x00000000      0x866 Device_Startup/startup_saml21.o
 .debug_macro   0x00000000      0xa36 Device_Startup/startup_saml21.o
 .debug_macro   0x00000000      0x8ad Device_Startup/startup_saml21.o
 .debug_macro   0x00000000     0x19bd Device_Startup/startup_saml21.o
 .debug_macro   0x00000000       0xe7 Device_Startup/startup_saml21.o
 .debug_macro   0x00000000     0x13e6 Device_Startup/startup_saml21.o
 .debug_macro   0x00000000      0x369 Device_Startup/startup_saml21.o
 .debug_macro   0x00000000       0x7c Device_Startup/startup_saml21.o
 .debug_macro   0x00000000       0xac Device_Startup/startup_saml21.o
 .debug_macro   0x00000000       0xca Device_Startup/startup_saml21.o
 .debug_macro   0x00000000       0x4c Device_Startup/startup_saml21.o
 .debug_macro   0x00000000       0x94 Device_Startup/startup_saml21.o
 .debug_macro   0x00000000       0xdc Device_Startup/startup_saml21.o
 .debug_macro   0x00000000       0xb2 Device_Startup/startup_saml21.o
 .debug_macro   0x00000000       0x64 Device_Startup/startup_saml21.o
 .debug_macro   0x00000000      0x5b1 Device_Startup/startup_saml21.o
 .debug_macro   0x00000000      0x19c Device_Startup/startup_saml21.o
 .debug_macro   0x00000000       0x70 Device_Startup/startup_saml21.o
 .debug_macro   0x00000000       0xa0 Device_Startup/startup_saml21.o
 .debug_macro   0x00000000       0xc4 Device_Startup/startup_saml21.o
 .debug_macro   0x00000000       0x28 Device_Startup/startup_saml21.o
 .debug_macro   0x00000000       0xa0 Device_Startup/startup_saml21.o
 .debug_macro   0x00000000       0x40 Device_Startup/startup_saml21.o
 .debug_macro   0x00000000       0x7c Device_Startup/startup_saml21.o
 .debug_macro   0x00000000       0x40 Device_Startup/startup_saml21.o
 .debug_macro   0x00000000      0x16c Device_Startup/startup_saml21.o
 .debug_macro   0x00000000       0x34 Device_Startup/startup_saml21.o
 .debug_macro   0x00000000       0xee Device_Startup/startup_saml21.o
 .debug_macro   0x00000000      0x12a Device_Startup/startup_saml21.o
 .debug_macro   0x00000000      0x12a Device_Startup/startup_saml21.o
 .debug_macro   0x00000000      0x12a Device_Startup/startup_saml21.o
 .debug_macro   0x00000000      0x12a Device_Startup/startup_saml21.o
 .debug_macro   0x00000000      0x12a Device_Startup/startup_saml21.o
 .debug_macro   0x00000000      0x12a Device_Startup/startup_saml21.o
 .debug_macro   0x00000000       0x5e Device_Startup/startup_saml21.o
 .debug_macro   0x00000000      0x197 Device_Startup/startup_saml21.o
 .debug_macro   0x00000000       0xfa Device_Startup/startup_saml21.o
 .debug_macro   0x00000000       0xfa Device_Startup/startup_saml21.o
 .debug_macro   0x00000000       0xfa Device_Startup/startup_saml21.o
 .debug_macro   0x00000000      0x124 Device_Startup/startup_saml21.o
 .debug_macro   0x00000000       0xfa Device_Startup/startup_saml21.o
 .debug_macro   0x00000000       0xee Device_Startup/startup_saml21.o
 .debug_macro   0x00000000       0x2e Device_Startup/startup_saml21.o
 .debug_macro   0x00000000      0x40f Device_Startup/startup_saml21.o
 .debug_macro   0x00000000       0x3a Device_Startup/startup_saml21.o
 .debug_macro   0x00000000      0x42c Device_Startup/startup_saml21.o
 .debug_macro   0x00000000     0x1b49 Device_Startup/startup_saml21.o
 .debug_macro   0x00000000       0x90 Device_Startup/startup_saml21.o
 .group         0x00000000        0x8 Device_Startup/system_saml21.o
 .group         0x00000000        0x8 Device_Startup/system_saml21.o
 .group         0x00000000        0x8 Device_Startup/system_saml21.o
 .group         0x00000000        0x8 Device_Startup/system_saml21.o
 .group         0x00000000        0x8 Device_Startup/system_saml21.o
 .group         0x00000000        0x8 Device_Startup/system_saml21.o
 .group         0x00000000        0x8 Device_Startup/system_saml21.o
 .group         0x00000000        0x8 Device_Startup/system_saml21.o
 .group         0x00000000        0x8 Device_Startup/system_saml21.o
 .group         0x00000000        0x8 Device_Startup/system_saml21.o
 .group         0x00000000        0x8 Device_Startup/system_saml21.o
 .group         0x00000000        0x8 Device_Startup/system_saml21.o
 .group         0x00000000        0x8 Device_Startup/system_saml21.o
 .group         0x00000000        0x8 Device_Startup/system_saml21.o
 .group         0x00000000        0x8 Device_Startup/system_saml21.o
 .group         0x00000000        0x8 Device_Startup/system_saml21.o
 .group         0x00000000        0x8 Device_Startup/system_saml21.o
 .group         0x00000000        0x8 Device_Startup/system_saml21.o
 .group         0x00000000        0x8 Device_Startup/system_saml21.o
 .group         0x00000000        0x8 Device_Startup/system_saml21.o
 .group         0x00000000        0x8 Device_Startup/system_saml21.o
 .group         0x00000000        0x8 Device_Startup/system_saml21.o
 .group         0x00000000        0x8 Device_Startup/system_saml21.o
 .group         0x00000000        0x8 Device_Startup/system_saml21.o
 .group         0x00000000        0x8 Device_Startup/system_saml21.o
 .group         0x00000000        0x8 Device_Startup/system_saml21.o
 .group         0x00000000        0x8 Device_Startup/system_saml21.o
 .group         0x00000000        0x8 Device_Startup/system_saml21.o
 .group         0x00000000        0x8 Device_Startup/system_saml21.o
 .group         0x00000000        0x8 Device_Startup/system_saml21.o
 .group         0x00000000        0x8 Device_Startup/system_saml21.o
 .group         0x00000000        0x8 Device_Startup/system_saml21.o
 .group         0x00000000        0x8 Device_Startup/system_saml21.o
 .group         0x00000000        0x8 Device_Startup/system_saml21.o
 .group         0x00000000        0x8 Device_Startup/system_saml21.o
 .group         0x00000000        0x8 Device_Startup/system_saml21.o
 .group         0x00000000        0x8 Device_Startup/system_saml21.o
 .group         0x00000000        0x8 Device_Startup/system_saml21.o
 .group         0x00000000        0x8 Device_Startup/system_saml21.o
 .group         0x00000000        0x8 Device_Startup/system_saml21.o
 .group         0x00000000        0x8 Device_Startup/system_saml21.o
 .group         0x00000000        0x8 Device_Startup/system_saml21.o
 .group         0x00000000        0x8 Device_Startup/system_saml21.o
 .group         0x00000000        0x8 Device_Startup/system_saml21.o
 .group         0x00000000        0x8 Device_Startup/system_saml21.o
 .group         0x00000000        0x8 Device_Startup/system_saml21.o
 .group         0x00000000        0x8 Device_Startup/system_saml21.o
 .group         0x00000000        0x8 Device_Startup/system_saml21.o
 .group         0x00000000        0x8 Device_Startup/system_saml21.o
 .group         0x00000000        0x8 Device_Startup/system_saml21.o
 .group         0x00000000        0x8 Device_Startup/system_saml21.o
 .group         0x00000000        0x8 Device_Startup/system_saml21.o
 .group         0x00000000        0x8 Device_Startup/system_saml21.o
 .group         0x00000000        0x8 Device_Startup/system_saml21.o
 .group         0x00000000        0x8 Device_Startup/system_saml21.o
 .group         0x00000000        0x8 Device_Startup/system_saml21.o
 .group         0x00000000        0x8 Device_Startup/system_saml21.o
 .group         0x00000000        0x8 Device_Startup/system_saml21.o
 .group         0x00000000        0x8 Device_Startup/system_saml21.o
 .group         0x00000000        0x8 Device_Startup/system_saml21.o
 .group         0x00000000        0x8 Device_Startup/system_saml21.o
 .group         0x00000000        0x8 Device_Startup/system_saml21.o
 .group         0x00000000        0x8 Device_Startup/system_saml21.o
 .group         0x00000000        0x8 Device_Startup/system_saml21.o
 .group         0x00000000        0x8 Device_Startup/system_saml21.o
 .group         0x00000000        0x8 Device_Startup/system_saml21.o
 .group         0x00000000        0x8 Device_Startup/system_saml21.o
 .group         0x00000000        0x8 Device_Startup/system_saml21.o
 .group         0x00000000        0x8 Device_Startup/system_saml21.o
 .group         0x00000000        0x8 Device_Startup/system_saml21.o
 .group         0x00000000        0x8 Device_Startup/system_saml21.o
 .group         0x00000000        0x8 Device_Startup/system_saml21.o
 .group         0x00000000        0x8 Device_Startup/system_saml21.o
 .group         0x00000000        0x8 Device_Startup/system_saml21.o
 .group         0x00000000        0x8 Device_Startup/system_saml21.o
 .group         0x00000000        0x8 Device_Startup/system_saml21.o
 .group         0x00000000        0x8 Device_Startup/system_saml21.o
 .group         0x00000000        0x8 Device_Startup/system_saml21.o
 .group         0x00000000        0x8 Device_Startup/system_saml21.o
 .group         0x00000000        0x8 Device_Startup/system_saml21.o
 .group         0x00000000        0x8 Device_Startup/system_saml21.o
 .text          0x00000000        0x0 Device_Startup/system_saml21.o
 .data          0x00000000        0x4 Device_Startup/system_saml21.o
 .bss           0x00000000        0x0 Device_Startup/system_saml21.o
 .text.SystemInit
                0x00000000       0x10 Device_Startup/system_saml21.o
 .text.SystemCoreClockUpdate
                0x00000000       0x10 Device_Startup/system_saml21.o
 .debug_info    0x00000000       0xd5 Device_Startup/system_saml21.o
 .debug_abbrev  0x00000000       0x72 Device_Startup/system_saml21.o
 .debug_aranges
                0x00000000       0x28 Device_Startup/system_saml21.o
 .debug_ranges  0x00000000       0x18 Device_Startup/system_saml21.o
 .debug_macro   0x00000000      0x361 Device_Startup/system_saml21.o
 .debug_macro   0x00000000      0x89e Device_Startup/system_saml21.o
 .debug_macro   0x00000000       0x22 Device_Startup/system_saml21.o
 .debug_macro   0x00000000       0x87 Device_Startup/system_saml21.o
 .debug_macro   0x00000000       0x51 Device_Startup/system_saml21.o
 .debug_macro   0x00000000       0xef Device_Startup/system_saml21.o
 .debug_macro   0x00000000       0x6a Device_Startup/system_saml21.o
 .debug_macro   0x00000000      0x1df Device_Startup/system_saml21.o
 .debug_macro   0x00000000       0x40 Device_Startup/system_saml21.o
 .debug_macro   0x00000000       0x28 Device_Startup/system_saml21.o
 .debug_macro   0x00000000       0x85 Device_Startup/system_saml21.o
 .debug_macro   0x00000000      0x375 Device_Startup/system_saml21.o
 .debug_macro   0x00000000      0x713 Device_Startup/system_saml21.o
 .debug_macro   0x00000000      0x8ef Device_Startup/system_saml21.o
 .debug_macro   0x00000000      0x279 Device_Startup/system_saml21.o
 .debug_macro   0x00000000      0x21d Device_Startup/system_saml21.o
 .debug_macro   0x00000000      0x4d0 Device_Startup/system_saml21.o
 .debug_macro   0x00000000      0xe12 Device_Startup/system_saml21.o
 .debug_macro   0x00000000      0x5b6 Device_Startup/system_saml21.o
 .debug_macro   0x00000000      0x5be Device_Startup/system_saml21.o
 .debug_macro   0x00000000      0x823 Device_Startup/system_saml21.o
 .debug_macro   0x00000000      0x305 Device_Startup/system_saml21.o
 .debug_macro   0x00000000      0x5d3 Device_Startup/system_saml21.o
 .debug_macro   0x00000000      0x21c Device_Startup/system_saml21.o
 .debug_macro   0x00000000      0x728 Device_Startup/system_saml21.o
 .debug_macro   0x00000000      0x16e Device_Startup/system_saml21.o
 .debug_macro   0x00000000      0x70e Device_Startup/system_saml21.o
 .debug_macro   0x00000000      0x28c Device_Startup/system_saml21.o
 .debug_macro   0x00000000      0x6fd Device_Startup/system_saml21.o
 .debug_macro   0x00000000      0x2c4 Device_Startup/system_saml21.o
 .debug_macro   0x00000000      0x3c0 Device_Startup/system_saml21.o
 .debug_macro   0x00000000      0x19f Device_Startup/system_saml21.o
 .debug_macro   0x00000000     0x125f Device_Startup/system_saml21.o
 .debug_macro   0x00000000      0xf4c Device_Startup/system_saml21.o
 .debug_macro   0x00000000      0x866 Device_Startup/system_saml21.o
 .debug_macro   0x00000000      0xa36 Device_Startup/system_saml21.o
 .debug_macro   0x00000000      0x8ad Device_Startup/system_saml21.o
 .debug_macro   0x00000000     0x19bd Device_Startup/system_saml21.o
 .debug_macro   0x00000000       0xe7 Device_Startup/system_saml21.o
 .debug_macro   0x00000000     0x13e6 Device_Startup/system_saml21.o
 .debug_macro   0x00000000      0x369 Device_Startup/system_saml21.o
 .debug_macro   0x00000000       0x7c Device_Startup/system_saml21.o
 .debug_macro   0x00000000       0xac Device_Startup/system_saml21.o
 .debug_macro   0x00000000       0xca Device_Startup/system_saml21.o
 .debug_macro   0x00000000       0x4c Device_Startup/system_saml21.o
 .debug_macro   0x00000000       0x94 Device_Startup/system_saml21.o
 .debug_macro   0x00000000       0xdc Device_Startup/system_saml21.o
 .debug_macro   0x00000000       0xb2 Device_Startup/system_saml21.o
 .debug_macro   0x00000000       0x64 Device_Startup/system_saml21.o
 .debug_macro   0x00000000      0x5b1 Device_Startup/system_saml21.o
 .debug_macro   0x00000000      0x19c Device_Startup/system_saml21.o
 .debug_macro   0x00000000       0x70 Device_Startup/system_saml21.o
 .debug_macro   0x00000000       0xa0 Device_Startup/system_saml21.o
 .debug_macro   0x00000000       0xc4 Device_Startup/system_saml21.o
 .debug_macro   0x00000000       0x28 Device_Startup/system_saml21.o
 .debug_macro   0x00000000       0xa0 Device_Startup/system_saml21.o
 .debug_macro   0x00000000       0x40 Device_Startup/system_saml21.o
 .debug_macro   0x00000000       0x7c Device_Startup/system_saml21.o
 .debug_macro   0x00000000       0x40 Device_Startup/system_saml21.o
 .debug_macro   0x00000000      0x16c Device_Startup/system_saml21.o
 .debug_macro   0x00000000       0x34 Device_Startup/system_saml21.o
 .debug_macro   0x00000000       0xee Device_Startup/system_saml21.o
 .debug_macro   0x00000000      0x12a Device_Startup/system_saml21.o
 .debug_macro   0x00000000      0x12a Device_Startup/system_saml21.o
 .debug_macro   0x00000000      0x12a Device_Startup/system_saml21.o
 .debug_macro   0x00000000      0x12a Device_Startup/system_saml21.o
 .debug_macro   0x00000000      0x12a Device_Startup/system_saml21.o
 .debug_macro   0x00000000      0x12a Device_Startup/system_saml21.o
 .debug_macro   0x00000000       0x5e Device_Startup/system_saml21.o
 .debug_macro   0x00000000      0x197 Device_Startup/system_saml21.o
 .debug_macro   0x00000000       0xfa Device_Startup/system_saml21.o
 .debug_macro   0x00000000       0xfa Device_Startup/system_saml21.o
 .debug_macro   0x00000000       0xfa Device_Startup/system_saml21.o
 .debug_macro   0x00000000      0x124 Device_Startup/system_saml21.o
 .debug_macro   0x00000000       0xfa Device_Startup/system_saml21.o
 .debug_macro   0x00000000       0xee Device_Startup/system_saml21.o
 .debug_macro   0x00000000       0x2e Device_Startup/system_saml21.o
 .debug_macro   0x00000000      0x40f Device_Startup/system_saml21.o
 .debug_macro   0x00000000       0x3a Device_Startup/system_saml21.o
 .debug_macro   0x00000000      0x42c Device_Startup/system_saml21.o
 .debug_macro   0x00000000     0x1b49 Device_Startup/system_saml21.o
 .debug_macro   0x00000000       0x90 Device_Startup/system_saml21.o
 .debug_line    0x00000000      0x73a Device_Startup/system_saml21.o
 .debug_str     0x00000000    0x7acff Device_Startup/system_saml21.o
 .comment       0x00000000       0x5a Device_Startup/system_saml21.o
 .debug_frame   0x00000000       0x30 Device_Startup/system_saml21.o
 .ARM.attributes
                0x00000000       0x32 Device_Startup/system_saml21.o
 .group         0x00000000        0x8 fan.o
 .group         0x00000000        0x8 fan.o
 .group         0x00000000        0x8 fan.o
 .group         0x00000000        0x8 fan.o
 .group         0x00000000        0x8 fan.o
 .group         0x00000000        0x8 fan.o
 .group         0x00000000        0x8 fan.o
 .group         0x00000000        0x8 fan.o
 .group         0x00000000        0x8 fan.o
 .group         0x00000000        0x8 fan.o
 .group         0x00000000        0x8 fan.o
 .group         0x00000000        0x8 fan.o
 .group         0x00000000        0x8 fan.o
 .group         0x00000000        0x8 fan.o
 .group         0x00000000        0x8 fan.o
 .group         0x00000000        0x8 fan.o
 .group         0x00000000        0x8 fan.o
 .group         0x00000000        0x8 fan.o
 .group         0x00000000        0x8 fan.o
 .group         0x00000000        0x8 fan.o
 .group         0x00000000        0x8 fan.o
 .group         0x00000000        0x8 fan.o
 .group         0x00000000        0x8 fan.o
 .group         0x00000000        0x8 fan.o
 .group         0x00000000        0x8 fan.o
 .group         0x00000000        0x8 fan.o
 .group         0x00000000        0x8 fan.o
 .group         0x00000000        0x8 fan.o
 .group         0x00000000        0x8 fan.o
 .group         0x00000000        0x8 fan.o
 .group         0x00000000        0x8 fan.o
 .group         0x00000000        0x8 fan.o
 .group         0x00000000        0x8 fan.o
 .group         0x00000000        0x8 fan.o
 .group         0x00000000        0x8 fan.o
 .group         0x00000000        0x8 fan.o
 .group         0x00000000        0x8 fan.o
 .group         0x00000000        0x8 fan.o
 .group         0x00000000        0x8 fan.o
 .group         0x00000000        0x8 fan.o
 .group         0x00000000        0x8 fan.o
 .group         0x00000000        0x8 fan.o
 .group         0x00000000        0x8 fan.o
 .group         0x00000000        0x8 fan.o
 .group         0x00000000        0x8 fan.o
 .group         0x00000000        0x8 fan.o
 .group         0x00000000        0x8 fan.o
 .group         0x00000000        0x8 fan.o
 .group         0x00000000        0x8 fan.o
 .group         0x00000000        0x8 fan.o
 .group         0x00000000        0x8 fan.o
 .group         0x00000000        0x8 fan.o
 .group         0x00000000        0x8 fan.o
 .group         0x00000000        0x8 fan.o
 .group         0x00000000        0x8 fan.o
 .group         0x00000000        0x8 fan.o
 .group         0x00000000        0x8 fan.o
 .group         0x00000000        0x8 fan.o
 .group         0x00000000        0x8 fan.o
 .group         0x00000000        0x8 fan.o
 .group         0x00000000        0x8 fan.o
 .group         0x00000000        0x8 fan.o
 .group         0x00000000        0x8 fan.o
 .group         0x00000000        0x8 fan.o
 .group         0x00000000        0x8 fan.o
 .group         0x00000000        0x8 fan.o
 .group         0x00000000        0x8 fan.o
 .group         0x00000000        0x8 fan.o
 .group         0x00000000        0x8 fan.o
 .group         0x00000000        0x8 fan.o
 .group         0x00000000        0x8 fan.o
 .group         0x00000000        0x8 fan.o
 .group         0x00000000        0x8 fan.o
 .group         0x00000000        0x8 fan.o
 .group         0x00000000        0x8 fan.o
 .group         0x00000000        0x8 fan.o
 .group         0x00000000        0x8 fan.o
 .group         0x00000000        0x8 fan.o
 .group         0x00000000        0x8 fan.o
 .group         0x00000000        0x8 fan.o
 .group         0x00000000        0x8 fan.o
 .text          0x00000000        0x0 fan.o
 .data          0x00000000        0x0 fan.o
 .bss           0x00000000        0x0 fan.o
 .text.fan_set_pwm
                0x00000000        0xc fan.o
 .debug_macro   0x00000000      0x89e fan.o
 .debug_macro   0x00000000       0x22 fan.o
 .debug_macro   0x00000000       0x87 fan.o
 .debug_macro   0x00000000       0x51 fan.o
 .debug_macro   0x00000000       0xef fan.o
 .debug_macro   0x00000000       0x6a fan.o
 .debug_macro   0x00000000      0x1df fan.o
 .debug_macro   0x00000000       0x40 fan.o
 .debug_macro   0x00000000       0x28 fan.o
 .debug_macro   0x00000000       0x85 fan.o
 .debug_macro   0x00000000      0x375 fan.o
 .debug_macro   0x00000000      0x713 fan.o
 .debug_macro   0x00000000      0x8ef fan.o
 .debug_macro   0x00000000      0x279 fan.o
 .debug_macro   0x00000000      0x21d fan.o
 .debug_macro   0x00000000      0x4d0 fan.o
 .debug_macro   0x00000000      0xe12 fan.o
 .debug_macro   0x00000000      0x5b6 fan.o
 .debug_macro   0x00000000      0x5be fan.o
 .debug_macro   0x00000000      0x823 fan.o
 .debug_macro   0x00000000      0x305 fan.o
 .debug_macro   0x00000000      0x5d3 fan.o
 .debug_macro   0x00000000      0x21c fan.o
 .debug_macro   0x00000000      0x728 fan.o
 .debug_macro   0x00000000      0x16e fan.o
 .debug_macro   0x00000000      0x70e fan.o
 .debug_macro   0x00000000      0x28c fan.o
 .debug_macro   0x00000000      0x6fd fan.o
 .debug_macro   0x00000000      0x2c4 fan.o
 .debug_macro   0x00000000      0x3c0 fan.o
 .debug_macro   0x00000000      0x19f fan.o
 .debug_macro   0x00000000     0x125f fan.o
 .debug_macro   0x00000000      0xf4c fan.o
 .debug_macro   0x00000000      0x866 fan.o
 .debug_macro   0x00000000      0xa36 fan.o
 .debug_macro   0x00000000      0x8ad fan.o
 .debug_macro   0x00000000     0x19bd fan.o
 .debug_macro   0x00000000       0xe7 fan.o
 .debug_macro   0x00000000     0x13e6 fan.o
 .debug_macro   0x00000000      0x369 fan.o
 .debug_macro   0x00000000       0x7c fan.o
 .debug_macro   0x00000000       0xac fan.o
 .debug_macro   0x00000000       0xca fan.o
 .debug_macro   0x00000000       0x4c fan.o
 .debug_macro   0x00000000       0x94 fan.o
 .debug_macro   0x00000000       0xdc fan.o
 .debug_macro   0x00000000       0xb2 fan.o
 .debug_macro   0x00000000       0x64 fan.o
 .debug_macro   0x00000000      0x5b1 fan.o
 .debug_macro   0x00000000      0x19c fan.o
 .debug_macro   0x00000000       0x70 fan.o
 .debug_macro   0x00000000       0xa0 fan.o
 .debug_macro   0x00000000       0xc4 fan.o
 .debug_macro   0x00000000       0x28 fan.o
 .debug_macro   0x00000000       0xa0 fan.o
 .debug_macro   0x00000000       0x40 fan.o
 .debug_macro   0x00000000       0x7c fan.o
 .debug_macro   0x00000000       0x40 fan.o
 .debug_macro   0x00000000      0x16c fan.o
 .debug_macro   0x00000000       0x34 fan.o
 .debug_macro   0x00000000       0xee fan.o
 .debug_macro   0x00000000      0x12a fan.o
 .debug_macro   0x00000000      0x12a fan.o
 .debug_macro   0x00000000      0x12a fan.o
 .debug_macro   0x00000000      0x12a fan.o
 .debug_macro   0x00000000      0x12a fan.o
 .debug_macro   0x00000000      0x12a fan.o
 .debug_macro   0x00000000       0x5e fan.o
 .debug_macro   0x00000000      0x197 fan.o
 .debug_macro   0x00000000       0xfa fan.o
 .debug_macro   0x00000000       0xfa fan.o
 .debug_macro   0x00000000       0xfa fan.o
 .debug_macro   0x00000000      0x124 fan.o
 .debug_macro   0x00000000       0xfa fan.o
 .debug_macro   0x00000000       0xee fan.o
 .debug_macro   0x00000000       0x2e fan.o
 .debug_macro   0x00000000      0x40f fan.o
 .debug_macro   0x00000000       0x3a fan.o
 .debug_macro   0x00000000      0x42c fan.o
 .debug_macro   0x00000000     0x1b49 fan.o
 .debug_macro   0x00000000       0x90 fan.o
 .group         0x00000000        0x8 main.o
 .group         0x00000000        0x8 main.o
 .group         0x00000000        0x8 main.o
 .group         0x00000000        0x8 main.o
 .group         0x00000000        0x8 main.o
 .group         0x00000000        0x8 main.o
 .group         0x00000000        0x8 main.o
 .group         0x00000000        0x8 main.o
 .group         0x00000000        0x8 main.o
 .group         0x00000000        0x8 main.o
 .group         0x00000000        0x8 main.o
 .group         0x00000000        0x8 main.o
 .group         0x00000000        0x8 main.o
 .group         0x00000000        0x8 main.o
 .group         0x00000000        0x8 main.o
 .group         0x00000000        0x8 main.o
 .group         0x00000000        0x8 main.o
 .group         0x00000000        0x8 main.o
 .group         0x00000000        0x8 main.o
 .group         0x00000000        0x8 main.o
 .group         0x00000000        0x8 main.o
 .group         0x00000000        0x8 main.o
 .group         0x00000000        0x8 main.o
 .group         0x00000000        0x8 main.o
 .group         0x00000000        0x8 main.o
 .group         0x00000000        0x8 main.o
 .group         0x00000000        0x8 main.o
 .group         0x00000000        0x8 main.o
 .group         0x00000000        0x8 main.o
 .group         0x00000000        0x8 main.o
 .group         0x00000000        0x8 main.o
 .group         0x00000000        0x8 main.o
 .group         0x00000000        0x8 main.o
 .group         0x00000000        0x8 main.o
 .group         0x00000000        0x8 main.o
 .group         0x00000000        0x8 main.o
 .group         0x00000000        0x8 main.o
 .group         0x00000000        0x8 main.o
 .group         0x00000000        0x8 main.o
 .group         0x00000000        0x8 main.o
 .group         0x00000000        0x8 main.o
 .group         0x00000000        0x8 main.o
 .group         0x00000000        0x8 main.o
 .group         0x00000000        0x8 main.o
 .group         0x00000000        0x8 main.o
 .group         0x00000000        0x8 main.o
 .group         0x00000000        0x8 main.o
 .group         0x00000000        0x8 main.o
 .group         0x00000000        0x8 main.o
 .group         0x00000000        0x8 main.o
 .group         0x00000000        0x8 main.o
 .group         0x00000000        0x8 main.o
 .group         0x00000000        0x8 main.o
 .group         0x00000000        0x8 main.o
 .group         0x00000000        0x8 main.o
 .group         0x00000000        0x8 main.o
 .group         0x00000000        0x8 main.o
 .group         0x00000000        0x8 main.o
 .group         0x00000000        0x8 main.o
 .group         0x00000000        0x8 main.o
 .group         0x00000000        0x8 main.o
 .group         0x00000000        0x8 main.o
 .group         0x00000000        0x8 main.o
 .group         0x00000000        0x8 main.o
 .group         0x00000000        0x8 main.o
 .group         0x00000000        0x8 main.o
 .group         0x00000000        0x8 main.o
 .group         0x00000000        0x8 main.o
 .group         0x00000000        0x8 main.o
 .group         0x00000000        0x8 main.o
 .group         0x00000000        0x8 main.o
 .group         0x00000000        0x8 main.o
 .group         0x00000000        0x8 main.o
 .group         0x00000000        0x8 main.o
 .group         0x00000000        0x8 main.o
 .group         0x00000000        0x8 main.o
 .group         0x00000000        0x8 main.o
 .group         0x00000000        0x8 main.o
 .group         0x00000000        0x8 main.o
 .group         0x00000000        0x8 main.o
 .group         0x00000000        0x8 main.o
 .text          0x00000000        0x0 main.o
 .data          0x00000000        0x0 main.o
 .bss           0x00000000        0x0 main.o
 .debug_macro   0x00000000      0x89e main.o
 .debug_macro   0x00000000       0x22 main.o
 .debug_macro   0x00000000       0x87 main.o
 .debug_macro   0x00000000       0x51 main.o
 .debug_macro   0x00000000       0xef main.o
 .debug_macro   0x00000000       0x6a main.o
 .debug_macro   0x00000000      0x1df main.o
 .debug_macro   0x00000000       0x40 main.o
 .debug_macro   0x00000000       0x28 main.o
 .debug_macro   0x00000000       0x85 main.o
 .debug_macro   0x00000000      0x375 main.o
 .debug_macro   0x00000000      0x713 main.o
 .debug_macro   0x00000000      0x8ef main.o
 .debug_macro   0x00000000      0x279 main.o
 .debug_macro   0x00000000      0x21d main.o
 .debug_macro   0x00000000      0x4d0 main.o
 .debug_macro   0x00000000      0xe12 main.o
 .debug_macro   0x00000000      0x5b6 main.o
 .debug_macro   0x00000000      0x5be main.o
 .debug_macro   0x00000000      0x823 main.o
 .debug_macro   0x00000000      0x305 main.o
 .debug_macro   0x00000000      0x5d3 main.o
 .debug_macro   0x00000000      0x21c main.o
 .debug_macro   0x00000000      0x728 main.o
 .debug_macro   0x00000000      0x16e main.o
 .debug_macro   0x00000000      0x70e main.o
 .debug_macro   0x00000000      0x28c main.o
 .debug_macro   0x00000000      0x6fd main.o
 .debug_macro   0x00000000      0x2c4 main.o
 .debug_macro   0x00000000      0x3c0 main.o
 .debug_macro   0x00000000      0x19f main.o
 .debug_macro   0x00000000     0x125f main.o
 .debug_macro   0x00000000      0xf4c main.o
 .debug_macro   0x00000000      0x866 main.o
 .debug_macro   0x00000000      0xa36 main.o
 .debug_macro   0x00000000      0x8ad main.o
 .debug_macro   0x00000000     0x19bd main.o
 .debug_macro   0x00000000       0xe7 main.o
 .debug_macro   0x00000000     0x13e6 main.o
 .debug_macro   0x00000000      0x369 main.o
 .debug_macro   0x00000000       0x7c main.o
 .debug_macro   0x00000000       0xac main.o
 .debug_macro   0x00000000       0xca main.o
 .debug_macro   0x00000000       0x4c main.o
 .debug_macro   0x00000000       0x94 main.o
 .debug_macro   0x00000000       0xdc main.o
 .debug_macro   0x00000000       0xb2 main.o
 .debug_macro   0x00000000       0x64 main.o
 .debug_macro   0x00000000      0x5b1 main.o
 .debug_macro   0x00000000      0x19c main.o
 .debug_macro   0x00000000       0x70 main.o
 .debug_macro   0x00000000       0xa0 main.o
 .debug_macro   0x00000000       0xc4 main.o
 .debug_macro   0x00000000       0x28 main.o
 .debug_macro   0x00000000       0xa0 main.o
 .debug_macro   0x00000000       0x40 main.o
 .debug_macro   0x00000000       0x7c main.o
 .debug_macro   0x00000000       0x40 main.o
 .debug_macro   0x00000000      0x16c main.o
 .debug_macro   0x00000000       0x34 main.o
 .debug_macro   0x00000000       0xee main.o
 .debug_macro   0x00000000      0x12a main.o
 .debug_macro   0x00000000      0x12a main.o
 .debug_macro   0x00000000      0x12a main.o
 .debug_macro   0x00000000      0x12a main.o
 .debug_macro   0x00000000      0x12a main.o
 .debug_macro   0x00000000      0x12a main.o
 .debug_macro   0x00000000       0x5e main.o
 .debug_macro   0x00000000      0x197 main.o
 .debug_macro   0x00000000       0xfa main.o
 .debug_macro   0x00000000       0xfa main.o
 .debug_macro   0x00000000       0xfa main.o
 .debug_macro   0x00000000      0x124 main.o
 .debug_macro   0x00000000       0xfa main.o
 .debug_macro   0x00000000       0xee main.o
 .debug_macro   0x00000000       0x2e main.o
 .debug_macro   0x00000000      0x40f main.o
 .debug_macro   0x00000000       0x3a main.o
 .debug_macro   0x00000000      0x42c main.o
 .debug_macro   0x00000000     0x1b49 main.o
 .debug_macro   0x00000000       0x90 main.o
 .group         0x00000000        0x8 timer3.o
 .text          0x00000000        0x0 timer3.o
 .data          0x00000000        0x0 timer3.o
 .bss           0x00000000        0x0 timer3.o
 .debug_info    0x00000000       0x21 timer3.o
 .debug_abbrev  0x00000000       0x13 timer3.o
 .debug_aranges
                0x00000000       0x18 timer3.o
 .debug_macro   0x00000000       0x11 timer3.o
 .debug_macro   0x00000000      0x89e timer3.o
 .debug_line    0x00000000       0x2e timer3.o
 .debug_str     0x00000000     0x24cb timer3.o
 .comment       0x00000000       0x5a timer3.o
 .ARM.attributes
                0x00000000       0x32 timer3.o
 .text          0x00000000        0x0 c:/program files (x86)/atmel/studio/7.0/toolchain/arm/arm-gnu-toolchain/bin/../lib/gcc/arm-none-eabi/6.3.1/../../../../arm-none-eabi/lib/thumb/v6-m\libc.a(lib_a-exit.o)
 .data          0x00000000        0x0 c:/program files (x86)/atmel/studio/7.0/toolchain/arm/arm-gnu-toolchain/bin/../lib/gcc/arm-none-eabi/6.3.1/../../../../arm-none-eabi/lib/thumb/v6-m\libc.a(lib_a-exit.o)
 .bss           0x00000000        0x0 c:/program files (x86)/atmel/studio/7.0/toolchain/arm/arm-gnu-toolchain/bin/../lib/gcc/arm-none-eabi/6.3.1/../../../../arm-none-eabi/lib/thumb/v6-m\libc.a(lib_a-exit.o)
 .text.exit     0x00000000       0x20 c:/program files (x86)/atmel/studio/7.0/toolchain/arm/arm-gnu-toolchain/bin/../lib/gcc/arm-none-eabi/6.3.1/../../../../arm-none-eabi/lib/thumb/v6-m\libc.a(lib_a-exit.o)
 .debug_frame   0x00000000       0x28 c:/program files (x86)/atmel/studio/7.0/toolchain/arm/arm-gnu-toolchain/bin/../lib/gcc/arm-none-eabi/6.3.1/../../../../arm-none-eabi/lib/thumb/v6-m\libc.a(lib_a-exit.o)
 .ARM.attributes
                0x00000000       0x2c c:/program files (x86)/atmel/studio/7.0/toolchain/arm/arm-gnu-toolchain/bin/../lib/gcc/arm-none-eabi/6.3.1/../../../../arm-none-eabi/lib/thumb/v6-m\libc.a(lib_a-exit.o)
 .text          0x00000000        0x0 c:/program files (x86)/atmel/studio/7.0/toolchain/arm/arm-gnu-toolchain/bin/../lib/gcc/arm-none-eabi/6.3.1/../../../../arm-none-eabi/lib/thumb/v6-m\libc.a(lib_a-impure.o)
 .data          0x00000000        0x0 c:/program files (x86)/atmel/studio/7.0/toolchain/arm/arm-gnu-toolchain/bin/../lib/gcc/arm-none-eabi/6.3.1/../../../../arm-none-eabi/lib/thumb/v6-m\libc.a(lib_a-impure.o)
 .bss           0x00000000        0x0 c:/program files (x86)/atmel/studio/7.0/toolchain/arm/arm-gnu-toolchain/bin/../lib/gcc/arm-none-eabi/6.3.1/../../../../arm-none-eabi/lib/thumb/v6-m\libc.a(lib_a-impure.o)
 .data._impure_ptr
                0x00000000        0x4 c:/program files (x86)/atmel/studio/7.0/toolchain/arm/arm-gnu-toolchain/bin/../lib/gcc/arm-none-eabi/6.3.1/../../../../arm-none-eabi/lib/thumb/v6-m\libc.a(lib_a-impure.o)
 .text          0x00000000        0x0 c:/program files (x86)/atmel/studio/7.0/toolchain/arm/arm-gnu-toolchain/bin/../lib/gcc/arm-none-eabi/6.3.1/../../../../arm-none-eabi/lib/thumb/v6-m\libc.a(lib_a-init.o)
 .data          0x00000000        0x0 c:/program files (x86)/atmel/studio/7.0/toolchain/arm/arm-gnu-toolchain/bin/../lib/gcc/arm-none-eabi/6.3.1/../../../../arm-none-eabi/lib/thumb/v6-m\libc.a(lib_a-init.o)
 .bss           0x00000000        0x0 c:/program files (x86)/atmel/studio/7.0/toolchain/arm/arm-gnu-toolchain/bin/../lib/gcc/arm-none-eabi/6.3.1/../../../../arm-none-eabi/lib/thumb/v6-m\libc.a(lib_a-init.o)
 .text          0x00000000        0x0 c:/program files (x86)/atmel/studio/7.0/toolchain/arm/arm-gnu-toolchain/bin/../lib/gcc/arm-none-eabi/6.3.1/../../../../arm-none-eabi/lib/thumb/v6-m\libc.a(lib_a-memset.o)
 .data          0x00000000        0x0 c:/program files (x86)/atmel/studio/7.0/toolchain/arm/arm-gnu-toolchain/bin/../lib/gcc/arm-none-eabi/6.3.1/../../../../arm-none-eabi/lib/thumb/v6-m\libc.a(lib_a-memset.o)
 .bss           0x00000000        0x0 c:/program files (x86)/atmel/studio/7.0/toolchain/arm/arm-gnu-toolchain/bin/../lib/gcc/arm-none-eabi/6.3.1/../../../../arm-none-eabi/lib/thumb/v6-m\libc.a(lib_a-memset.o)
 .text.memset   0x00000000       0x94 c:/program files (x86)/atmel/studio/7.0/toolchain/arm/arm-gnu-toolchain/bin/../lib/gcc/arm-none-eabi/6.3.1/../../../../arm-none-eabi/lib/thumb/v6-m\libc.a(lib_a-memset.o)
 .debug_frame   0x00000000       0x30 c:/program files (x86)/atmel/studio/7.0/toolchain/arm/arm-gnu-toolchain/bin/../lib/gcc/arm-none-eabi/6.3.1/../../../../arm-none-eabi/lib/thumb/v6-m\libc.a(lib_a-memset.o)
 .ARM.attributes
                0x00000000       0x2c c:/program files (x86)/atmel/studio/7.0/toolchain/arm/arm-gnu-toolchain/bin/../lib/gcc/arm-none-eabi/6.3.1/../../../../arm-none-eabi/lib/thumb/v6-m\libc.a(lib_a-memset.o)
 .text          0x00000000        0x0 c:/program files (x86)/atmel/studio/7.0/toolchain/arm/arm-gnu-toolchain/bin/../lib/gcc/arm-none-eabi/6.3.1/../../../../arm-none-eabi/lib/thumb/v6-m\libc.a(lib_a-__call_atexit.o)
 .data          0x00000000        0x0 c:/program files (x86)/atmel/studio/7.0/toolchain/arm/arm-gnu-toolchain/bin/../lib/gcc/arm-none-eabi/6.3.1/../../../../arm-none-eabi/lib/thumb/v6-m\libc.a(lib_a-__call_atexit.o)
 .bss           0x00000000        0x0 c:/program files (x86)/atmel/studio/7.0/toolchain/arm/arm-gnu-toolchain/bin/../lib/gcc/arm-none-eabi/6.3.1/../../../../arm-none-eabi/lib/thumb/v6-m\libc.a(lib_a-__call_atexit.o)
 .text.__call_exitprocs
                0x00000000      0x110 c:/program files (x86)/atmel/studio/7.0/toolchain/arm/arm-gnu-toolchain/bin/../lib/gcc/arm-none-eabi/6.3.1/../../../../arm-none-eabi/lib/thumb/v6-m\libc.a(lib_a-__call_atexit.o)
 .text          0x00000000        0x0 c:/program files (x86)/atmel/studio/7.0/toolchain/arm/arm-gnu-toolchain/bin/../lib/gcc/arm-none-eabi/6.3.1/../../../../arm-none-eabi/lib/thumb/v6-m\libc.a(lib_a-atexit.o)
 .data          0x00000000        0x0 c:/program files (x86)/atmel/studio/7.0/toolchain/arm/arm-gnu-toolchain/bin/../lib/gcc/arm-none-eabi/6.3.1/../../../../arm-none-eabi/lib/thumb/v6-m\libc.a(lib_a-atexit.o)
 .bss           0x00000000        0x0 c:/program files (x86)/atmel/studio/7.0/toolchain/arm/arm-gnu-toolchain/bin/../lib/gcc/arm-none-eabi/6.3.1/../../../../arm-none-eabi/lib/thumb/v6-m\libc.a(lib_a-atexit.o)
 .text          0x00000000        0x0 c:/program files (x86)/atmel/studio/7.0/toolchain/arm/arm-gnu-toolchain/bin/../lib/gcc/arm-none-eabi/6.3.1/../../../../arm-none-eabi/lib/thumb/v6-m\libc.a(lib_a-fini.o)
 .data          0x00000000        0x0 c:/program files (x86)/atmel/studio/7.0/toolchain/arm/arm-gnu-toolchain/bin/../lib/gcc/arm-none-eabi/6.3.1/../../../../arm-none-eabi/lib/thumb/v6-m\libc.a(lib_a-fini.o)
 .bss           0x00000000        0x0 c:/program files (x86)/atmel/studio/7.0/toolchain/arm/arm-gnu-toolchain/bin/../lib/gcc/arm-none-eabi/6.3.1/../../../../arm-none-eabi/lib/thumb/v6-m\libc.a(lib_a-fini.o)
 .text          0x00000000        0x0 c:/program files (x86)/atmel/studio/7.0/toolchain/arm/arm-gnu-toolchain/bin/../lib/gcc/arm-none-eabi/6.3.1/../../../../arm-none-eabi/lib/thumb/v6-m\libc.a(lib_a-lock.o)
 .data          0x00000000        0x0 c:/program files (x86)/atmel/studio/7.0/toolchain/arm/arm-gnu-toolchain/bin/../lib/gcc/arm-none-eabi/6.3.1/../../../../arm-none-eabi/lib/thumb/v6-m\libc.a(lib_a-lock.o)
 .bss           0x00000000        0x0 c:/program files (x86)/atmel/studio/7.0/toolchain/arm/arm-gnu-toolchain/bin/../lib/gcc/arm-none-eabi/6.3.1/../../../../arm-none-eabi/lib/thumb/v6-m\libc.a(lib_a-lock.o)
 .text.__retarget_lock_init
                0x00000000        0x4 c:/program files (x86)/atmel/studio/7.0/toolchain/arm/arm-gnu-toolchain/bin/../lib/gcc/arm-none-eabi/6.3.1/../../../../arm-none-eabi/lib/thumb/v6-m\libc.a(lib_a-lock.o)
 .text.__retarget_lock_init_recursive
                0x00000000        0x4 c:/program files (x86)/atmel/studio/7.0/toolchain/arm/arm-gnu-toolchain/bin/../lib/gcc/arm-none-eabi/6.3.1/../../../../arm-none-eabi/lib/thumb/v6-m\libc.a(lib_a-lock.o)
 .text.__retarget_lock_close
                0x00000000        0x4 c:/program files (x86)/atmel/studio/7.0/toolchain/arm/arm-gnu-toolchain/bin/../lib/gcc/arm-none-eabi/6.3.1/../../../../arm-none-eabi/lib/thumb/v6-m\libc.a(lib_a-lock.o)
 .text.__retarget_lock_close_recursive
                0x00000000        0x4 c:/program files (x86)/atmel/studio/7.0/toolchain/arm/arm-gnu-toolchain/bin/../lib/gcc/arm-none-eabi/6.3.1/../../../../arm-none-eabi/lib/thumb/v6-m\libc.a(lib_a-lock.o)
 .text.__retarget_lock_acquire
                0x00000000        0x4 c:/program files (x86)/atmel/studio/7.0/toolchain/arm/arm-gnu-toolchain/bin/../lib/gcc/arm-none-eabi/6.3.1/../../../../arm-none-eabi/lib/thumb/v6-m\libc.a(lib_a-lock.o)
 .text.__retarget_lock_try_acquire
                0x00000000        0x4 c:/program files (x86)/atmel/studio/7.0/toolchain/arm/arm-gnu-toolchain/bin/../lib/gcc/arm-none-eabi/6.3.1/../../../../arm-none-eabi/lib/thumb/v6-m\libc.a(lib_a-lock.o)
 .text.__retarget_lock_try_acquire_recursive
                0x00000000        0x4 c:/program files (x86)/atmel/studio/7.0/toolchain/arm/arm-gnu-toolchain/bin/../lib/gcc/arm-none-eabi/6.3.1/../../../../arm-none-eabi/lib/thumb/v6-m\libc.a(lib_a-lock.o)
 .text.__retarget_lock_release
                0x00000000        0x4 c:/program files (x86)/atmel/studio/7.0/toolchain/arm/arm-gnu-toolchain/bin/../lib/gcc/arm-none-eabi/6.3.1/../../../../arm-none-eabi/lib/thumb/v6-m\libc.a(lib_a-lock.o)
 .text          0x00000000        0x0 c:/program files (x86)/atmel/studio/7.0/toolchain/arm/arm-gnu-toolchain/bin/../lib/gcc/arm-none-eabi/6.3.1/../../../../arm-none-eabi/lib/thumb/v6-m\libc.a(lib_a-__atexit.o)
 .data          0x00000000        0x0 c:/program files (x86)/atmel/studio/7.0/toolchain/arm/arm-gnu-toolchain/bin/../lib/gcc/arm-none-eabi/6.3.1/../../../../arm-none-eabi/lib/thumb/v6-m\libc.a(lib_a-__atexit.o)
 .bss           0x00000000        0x0 c:/program files (x86)/atmel/studio/7.0/toolchain/arm/arm-gnu-toolchain/bin/../lib/gcc/arm-none-eabi/6.3.1/../../../../arm-none-eabi/lib/thumb/v6-m\libc.a(lib_a-__atexit.o)
 .text          0x00000000        0x0 c:/program files (x86)/atmel/studio/7.0/toolchain/arm/arm-gnu-toolchain/bin/../lib/gcc/arm-none-eabi/6.3.1/thumb/v6-m/crtend.o
 .data          0x00000000        0x0 c:/program files (x86)/atmel/studio/7.0/toolchain/arm/arm-gnu-toolchain/bin/../lib/gcc/arm-none-eabi/6.3.1/thumb/v6-m/crtend.o
 .bss           0x00000000        0x0 c:/program files (x86)/atmel/studio/7.0/toolchain/arm/arm-gnu-toolchain/bin/../lib/gcc/arm-none-eabi/6.3.1/thumb/v6-m/crtend.o
 .eh_frame      0x00000000        0x4 c:/program files (x86)/atmel/studio/7.0/toolchain/arm/arm-gnu-toolchain/bin/../lib/gcc/arm-none-eabi/6.3.1/thumb/v6-m/crtend.o
 .jcr           0x00000000        0x4 c:/program files (x86)/atmel/studio/7.0/toolchain/arm/arm-gnu-toolchain/bin/../lib/gcc/arm-none-eabi/6.3.1/thumb/v6-m/crtend.o
 .ARM.attributes
                0x00000000       0x2c c:/program files (x86)/atmel/studio/7.0/toolchain/arm/arm-gnu-toolchain/bin/../lib/gcc/arm-none-eabi/6.3.1/thumb/v6-m/crtend.o
 .text          0x00000000        0x0 c:/program files (x86)/atmel/studio/7.0/toolchain/arm/arm-gnu-toolchain/bin/../lib/gcc/arm-none-eabi/6.3.1/thumb/v6-m/crtn.o
 .data          0x00000000        0x0 c:/program files (x86)/atmel/studio/7.0/toolchain/arm/arm-gnu-toolchain/bin/../lib/gcc/arm-none-eabi/6.3.1/thumb/v6-m/crtn.o
 .bss           0x00000000        0x0 c:/program files (x86)/atmel/studio/7.0/toolchain/arm/arm-gnu-toolchain/bin/../lib/gcc/arm-none-eabi/6.3.1/thumb/v6-m/crtn.o

Memory Configuration

Name             Origin             Length             Attributes
rom              0x00000000         0x00040000         xr
ram              0x20000000         0x00008000         xrw
lpram            0x30000000         0x00002000         xrw
*default*        0x00000000         0xffffffff

Linker script and memory map

LOAD c:/program files (x86)/atmel/studio/7.0/toolchain/arm/arm-gnu-toolchain/bin/../lib/gcc/arm-none-eabi/6.3.1/thumb/v6-m/crti.o
LOAD c:/program files (x86)/atmel/studio/7.0/toolchain/arm/arm-gnu-toolchain/bin/../lib/gcc/arm-none-eabi/6.3.1/thumb/v6-m/crtbegin.o
LOAD c:/program files (x86)/atmel/studio/7.0/toolchain/arm/arm-gnu-toolchain/bin/../lib/gcc/arm-none-eabi/6.3.1/../../../../arm-none-eabi/lib/thumb/v6-m/crt0.o
LOAD adc.o
LOAD Device_Startup/startup_saml21.o
LOAD Device_Startup/system_saml21.o
LOAD fan.o
LOAD main.o
LOAD timer3.o
START GROUP
LOAD c:/program files (x86)/atmel/studio/7.0/toolchain/arm/arm-gnu-toolchain/bin/../lib/gcc/arm-none-eabi/6.3.1/../../../../arm-none-eabi/lib/thumb/v6-m\libm.a
END GROUP
START GROUP
LOAD c:/program files (x86)/atmel/studio/7.0/toolchain/arm/arm-gnu-toolchain/bin/../lib/gcc/arm-none-eabi/6.3.1/thumb/v6-m\libgcc.a
LOAD c:/program files (x86)/atmel/studio/7.0/toolchain/arm/arm-gnu-toolchain/bin/../lib/gcc/arm-none-eabi/6.3.1/../../../../arm-none-eabi/lib/thumb/v6-m\libc.a
END GROUP
LOAD c:/program files (x86)/atmel/studio/7.0/toolchain/arm/arm-gnu-toolchain/bin/../lib/gcc/arm-none-eabi/6.3.1/thumb/v6-m/crtend.o
LOAD c:/program files (x86)/atmel/studio/7.0/toolchain/arm/arm-gnu-toolchain/bin/../lib/gcc/arm-none-eabi/6.3.1/thumb/v6-m/crtn.o
                0x00002000                STACK_SIZE = DEFINED (STACK_SIZE)?STACK_SIZE:DEFINED (__stack_size__)?__stack_size__:0x2000

.text           0x00000000      0x53c
                0x00000000                . = ALIGN (0x4)
                0x00000000                _sfixed = .
 *(.vectors .vectors.*)
 .vectors       0x00000000       0xb4 Device_Startup/startup_saml21.o
                0x00000000                exception_table
 *(.text .text.* .gnu.linkonce.t.*)
 .text          0x000000b4       0x60 c:/program files (x86)/atmel/studio/7.0/toolchain/arm/arm-gnu-toolchain/bin/../lib/gcc/arm-none-eabi/6.3.1/thumb/v6-m/crtbegin.o
 .text.adc_initalise
                0x00000114       0x44 adc.o
                0x00000114                adc_initalise
 .text.adc_read_channel
                0x00000158       0x28 adc.o
                0x00000158                adc_read_channel
 .text.Dummy_Handler
                0x00000180        0x2 Device_Startup/startup_saml21.o
                0x00000180                DMAC_Handler
                0x00000180                TRNG_Handler
                0x00000180                HardFault_Handler
                0x00000180                AC_Handler
                0x00000180                SysTick_Handler
                0x00000180                PendSV_Handler
                0x00000180                NMI_Handler
                0x00000180                SERCOM1_Handler
                0x00000180                ADC_Handler
                0x00000180                TCC1_Handler
                0x00000180                SERCOM2_Handler
                0x00000180                TCC0_Handler
                0x00000180                RTC_Handler
                0x00000180                EIC_Handler
                0x00000180                WDT_Handler
                0x00000180                TC4_Handler
                0x00000180                TC1_Handler
                0x00000180                USB_Handler
                0x00000180                Dummy_Handler
                0x00000180                SERCOM5_Handler
                0x00000180                SVC_Handler
                0x00000180                TCC2_Handler
                0x00000180                EVSYS_Handler
                0x00000180                SERCOM3_Handler
                0x00000180                SERCOM4_Handler
                0x00000180                NVMCTRL_Handler
                0x00000180                SYSTEM_Handler
                0x00000180                SERCOM0_Handler
                0x00000180                DAC_Handler
                0x00000180                PTC_Handler
                0x00000180                TC0_Handler
                0x00000180                AES_Handler
 *fill*         0x00000182        0x2 
 .text.Reset_Handler
                0x00000184       0x98 Device_Startup/startup_saml21.o
                0x00000184                Reset_Handler
 .text.fan_init_control_switch
                0x0000021c       0x14 fan.o
                0x0000021c                fan_init_control_switch
 .text.fan_init_power_pot
                0x00000230       0x1c fan.o
                0x00000230                fan_init_power_pot
 .text.fan_init_pwm
                0x0000024c       0x74 fan.o
                0x0000024c                fan_init_pwm
 .text.fan_initialise
                0x000002c0       0x1c fan.o
                0x000002c0                fan_initialise
 .text.fan_read_control_switch
                0x000002dc       0x10 fan.o
                0x000002dc                fan_read_control_switch
 .text.fan_read_power_pot
                0x000002ec       0x10 fan.o
                0x000002ec                fan_read_power_pot
 .text.fan_process
                0x000002fc       0x30 fan.o
                0x000002fc                fan_process
 .text.sys_init
                0x0000032c       0x24 main.o
                0x0000032c                sys_init
 .text.main     0x00000350       0x24 main.o
                0x00000350                main
 .text.__libc_init_array
                0x00000374       0x48 c:/program files (x86)/atmel/studio/7.0/toolchain/arm/arm-gnu-toolchain/bin/../lib/gcc/arm-none-eabi/6.3.1/../../../../arm-none-eabi/lib/thumb/v6-m\libc.a(lib_a-init.o)
                0x00000374                __libc_init_array
 .text.startup.register_fini
                0x000003bc       0x18 c:/program files (x86)/atmel/studio/7.0/toolchain/arm/arm-gnu-toolchain/bin/../lib/gcc/arm-none-eabi/6.3.1/../../../../arm-none-eabi/lib/thumb/v6-m\libc.a(lib_a-__call_atexit.o)
 .text.atexit   0x000003d4       0x10 c:/program files (x86)/atmel/studio/7.0/toolchain/arm/arm-gnu-toolchain/bin/../lib/gcc/arm-none-eabi/6.3.1/../../../../arm-none-eabi/lib/thumb/v6-m\libc.a(lib_a-atexit.o)
                0x000003d4                atexit
 .text.__libc_fini_array
                0x000003e4       0x34 c:/program files (x86)/atmel/studio/7.0/toolchain/arm/arm-gnu-toolchain/bin/../lib/gcc/arm-none-eabi/6.3.1/../../../../arm-none-eabi/lib/thumb/v6-m\libc.a(lib_a-fini.o)
                0x000003e4                __libc_fini_array
 .text.__retarget_lock_acquire_recursive
                0x00000418        0x4 c:/program files (x86)/atmel/studio/7.0/toolchain/arm/arm-gnu-toolchain/bin/../lib/gcc/arm-none-eabi/6.3.1/../../../../arm-none-eabi/lib/thumb/v6-m\libc.a(lib_a-lock.o)
                0x00000418                __retarget_lock_acquire_recursive
 .text.__retarget_lock_release_recursive
                0x0000041c        0x4 c:/program files (x86)/atmel/studio/7.0/toolchain/arm/arm-gnu-toolchain/bin/../lib/gcc/arm-none-eabi/6.3.1/../../../../arm-none-eabi/lib/thumb/v6-m\libc.a(lib_a-lock.o)
                0x0000041c                __retarget_lock_release_recursive
 .text.__register_exitproc
                0x00000420       0xf4 c:/program files (x86)/atmel/studio/7.0/toolchain/arm/arm-gnu-toolchain/bin/../lib/gcc/arm-none-eabi/6.3.1/../../../../arm-none-eabi/lib/thumb/v6-m\libc.a(lib_a-__atexit.o)
                0x00000420                __register_exitproc
 *(.glue_7t)
 .glue_7t       0x00000514        0x0 linker stubs
 *(.glue_7)
 .glue_7        0x00000514        0x0 linker stubs
 *(.rodata .rodata* .gnu.linkonce.r.*)
 .rodata._global_impure_ptr
                0x00000514        0x4 c:/program files (x86)/atmel/studio/7.0/toolchain/arm/arm-gnu-toolchain/bin/../lib/gcc/arm-none-eabi/6.3.1/../../../../arm-none-eabi/lib/thumb/v6-m\libc.a(lib_a-impure.o)
                0x00000514                _global_impure_ptr
 *(.ARM.extab* .gnu.linkonce.armextab.*)
                0x00000518                . = ALIGN (0x4)
 *(.init)
 .init          0x00000518        0x4 c:/program files (x86)/atmel/studio/7.0/toolchain/arm/arm-gnu-toolchain/bin/../lib/gcc/arm-none-eabi/6.3.1/thumb/v6-m/crti.o
                0x00000518                _init
 .init          0x0000051c        0x8 c:/program files (x86)/atmel/studio/7.0/toolchain/arm/arm-gnu-toolchain/bin/../lib/gcc/arm-none-eabi/6.3.1/thumb/v6-m/crtn.o
                0x00000524                . = ALIGN (0x4)
                0x00000524                __preinit_array_start = .
 *(.preinit_array)
                0x00000524                __preinit_array_end = .
                0x00000524                . = ALIGN (0x4)
                0x00000524                __init_array_start = .
 *(SORT(.init_array.*))
 .init_array.00000
                0x00000524        0x4 c:/program files (x86)/atmel/studio/7.0/toolchain/arm/arm-gnu-toolchain/bin/../lib/gcc/arm-none-eabi/6.3.1/../../../../arm-none-eabi/lib/thumb/v6-m\libc.a(lib_a-__call_atexit.o)
 *(.init_array)
 .init_array    0x00000528        0x4 c:/program files (x86)/atmel/studio/7.0/toolchain/arm/arm-gnu-toolchain/bin/../lib/gcc/arm-none-eabi/6.3.1/thumb/v6-m/crtbegin.o
                0x0000052c                __init_array_end = .
                0x0000052c                . = ALIGN (0x4)
 *crtbegin.o(.ctors)
 *(EXCLUDE_FILE(*crtend.o) .ctors)
 *(SORT(.ctors.*))
 *crtend.o(.ctors)
                0x0000052c                . = ALIGN (0x4)
 *(.fini)
 .fini          0x0000052c        0x4 c:/program files (x86)/atmel/studio/7.0/toolchain/arm/arm-gnu-toolchain/bin/../lib/gcc/arm-none-eabi/6.3.1/thumb/v6-m/crti.o
                0x0000052c                _fini
 .fini          0x00000530        0x8 c:/program files (x86)/atmel/studio/7.0/toolchain/arm/arm-gnu-toolchain/bin/../lib/gcc/arm-none-eabi/6.3.1/thumb/v6-m/crtn.o
                0x00000538                . = ALIGN (0x4)
                0x00000538                __fini_array_start = .
 *(.fini_array)
 .fini_array    0x00000538        0x4 c:/program files (x86)/atmel/studio/7.0/toolchain/arm/arm-gnu-toolchain/bin/../lib/gcc/arm-none-eabi/6.3.1/thumb/v6-m/crtbegin.o
 *(SORT(.fini_array.*))
                0x0000053c                __fini_array_end = .
 *crtbegin.o(.dtors)
 *(EXCLUDE_FILE(*crtend.o) .dtors)
 *(SORT(.dtors.*))
 *crtend.o(.dtors)
                0x0000053c                . = ALIGN (0x4)
                0x0000053c                _efixed = .
                [!provide]                PROVIDE (__exidx_start, .)

.vfp11_veneer   0x0000053c        0x0
 .vfp11_veneer  0x0000053c        0x0 linker stubs

.v4_bx          0x0000053c        0x0
 .v4_bx         0x0000053c        0x0 linker stubs

.iplt           0x0000053c        0x0
 .iplt          0x0000053c        0x0 c:/program files (x86)/atmel/studio/7.0/toolchain/arm/arm-gnu-toolchain/bin/../lib/gcc/arm-none-eabi/6.3.1/thumb/v6-m/crtbegin.o

.eh_frame       0x0000053c        0x0
 .eh_frame      0x0000053c        0x0 c:/program files (x86)/atmel/studio/7.0/toolchain/arm/arm-gnu-toolchain/bin/../lib/gcc/arm-none-eabi/6.3.1/thumb/v6-m/crtbegin.o

.rel.dyn        0x0000053c        0x0
 .rel.iplt      0x0000053c        0x0 c:/program files (x86)/atmel/studio/7.0/toolchain/arm/arm-gnu-toolchain/bin/../lib/gcc/arm-none-eabi/6.3.1/thumb/v6-m/crtbegin.o

.jcr            0x0000053c        0x0
 .jcr           0x0000053c        0x0 c:/program files (x86)/atmel/studio/7.0/toolchain/arm/arm-gnu-toolchain/bin/../lib/gcc/arm-none-eabi/6.3.1/thumb/v6-m/crtbegin.o

.igot.plt       0x0000053c        0x0
 .igot.plt      0x0000053c        0x0 c:/program files (x86)/atmel/studio/7.0/toolchain/arm/arm-gnu-toolchain/bin/../lib/gcc/arm-none-eabi/6.3.1/thumb/v6-m/crtbegin.o

.ARM.exidx
 *(.ARM.exidx* .gnu.linkonce.armexidx.*)
                [!provide]                PROVIDE (__exidx_end, .)
                0x0000053c                . = ALIGN (0x4)
                0x0000053c                _etext = .

.relocate       0x20000000      0x42c load address 0x0000053c
                0x20000000                . = ALIGN (0x4)
                0x20000000                _srelocate = .
 *(.ramfunc .ramfunc.*)
 *(.data .data.*)
 .data.impure_data
                0x20000000      0x428 c:/program files (x86)/atmel/studio/7.0/toolchain/arm/arm-gnu-toolchain/bin/../lib/gcc/arm-none-eabi/6.3.1/../../../../arm-none-eabi/lib/thumb/v6-m\libc.a(lib_a-impure.o)
 .data.__atexit_recursive_mutex
                0x20000428        0x4 c:/program files (x86)/atmel/studio/7.0/toolchain/arm/arm-gnu-toolchain/bin/../lib/gcc/arm-none-eabi/6.3.1/../../../../arm-none-eabi/lib/thumb/v6-m\libc.a(lib_a-__call_atexit.o)
                0x20000428                __atexit_recursive_mutex
                0x2000042c                . = ALIGN (0x4)
                0x2000042c                _erelocate = .

.lpram          0x30000000        0x0
                0x30000000                . = ALIGN (0x8)
                0x30000000                _slpram = .
 *(.lpram .lpram.*)
                0x30000000                . = ALIGN (0x8)
                0x30000000                _elpram = .

.bss            0x2000042c       0x40 load address 0x00000968
                0x2000042c                . = ALIGN (0x4)
                0x2000042c                _sbss = .
                0x2000042c                _szero = .
 *(.bss .bss.*)
 .bss           0x2000042c       0x1c c:/program files (x86)/atmel/studio/7.0/toolchain/arm/arm-gnu-toolchain/bin/../lib/gcc/arm-none-eabi/6.3.1/thumb/v6-m/crtbegin.o
 *(COMMON)
 COMMON         0x20000448       0x21 c:/program files (x86)/atmel/studio/7.0/toolchain/arm/arm-gnu-toolchain/bin/../lib/gcc/arm-none-eabi/6.3.1/../../../../arm-none-eabi/lib/thumb/v6-m\libc.a(lib_a-lock.o)
                0x20000448                __lock___atexit_recursive_mutex
                0x2000044c                __lock___arc4random_mutex
                0x20000450                __lock___env_recursive_mutex
                0x20000454                __lock___sinit_recursive_mutex
                0x20000458                __lock___malloc_recursive_mutex
                0x2000045c                __lock___at_quick_exit_mutex
                0x20000460                __lock___dd_hash_mutex
                0x20000464                __lock___tz_mutex
                0x20000468                __lock___sfp_recursive_mutex
                0x2000046c                . = ALIGN (0x4)
 *fill*         0x20000469        0x3 
                0x2000046c                _ebss = .
                0x2000046c                _ezero = .

.stack          0x2000046c     0x2004 load address 0x000009a8
                0x20000470                . = ALIGN (0x8)
 *fill*         0x2000046c        0x4 
                0x20000470                _sstack = .
                0x20002470                . = (. + STACK_SIZE)
 *fill*         0x20000470     0x2000 
                0x20002470                . = ALIGN (0x8)
                0x20002470                _estack = .
                0x20002470                . = ALIGN (0x4)
                0x20002470                _end = .
OUTPUT(Work Station Controls Firmware.elf elf32-littlearm)

.ARM.attributes
                0x00000000       0x28
 .ARM.attributes
                0x00000000       0x1e c:/program files (x86)/atmel/studio/7.0/toolchain/arm/arm-gnu-toolchain/bin/../lib/gcc/arm-none-eabi/6.3.1/thumb/v6-m/crti.o
 .ARM.attributes
                0x0000001e       0x2c c:/program files (x86)/atmel/studio/7.0/toolchain/arm/arm-gnu-toolchain/bin/../lib/gcc/arm-none-eabi/6.3.1/thumb/v6-m/crtbegin.o
 .ARM.attributes
                0x0000004a       0x32 adc.o
 .ARM.attributes
                0x0000007c       0x32 Device_Startup/startup_saml21.o
 .ARM.attributes
                0x000000ae       0x32 fan.o
 .ARM.attributes
                0x000000e0       0x32 main.o
 .ARM.attributes
                0x00000112       0x2c c:/program files (x86)/atmel/studio/7.0/toolchain/arm/arm-gnu-toolchain/bin/../lib/gcc/arm-none-eabi/6.3.1/../../../../arm-none-eabi/lib/thumb/v6-m\libc.a(lib_a-impure.o)
 .ARM.attributes
                0x0000013e       0x2c c:/program files (x86)/atmel/studio/7.0/toolchain/arm/arm-gnu-toolchain/bin/../lib/gcc/arm-none-eabi/6.3.1/../../../../arm-none-eabi/lib/thumb/v6-m\libc.a(lib_a-init.o)
 .ARM.attributes
                0x0000016a       0x2c c:/program files (x86)/atmel/studio/7.0/toolchain/arm/arm-gnu-toolchain/bin/../lib/gcc/arm-none-eabi/6.3.1/../../../../arm-none-eabi/lib/thumb/v6-m\libc.a(lib_a-__call_atexit.o)
 .ARM.attributes
                0x00000196       0x2c c:/program files (x86)/atmel/studio/7.0/toolchain/arm/arm-gnu-toolchain/bin/../lib/gcc/arm-none-eabi/6.3.1/../../../../arm-none-eabi/lib/thumb/v6-m\libc.a(lib_a-atexit.o)
 .ARM.attributes
                0x000001c2       0x2c c:/program files (x86)/atmel/studio/7.0/toolchain/arm/arm-gnu-toolchain/bin/../lib/gcc/arm-none-eabi/6.3.1/../../../../arm-none-eabi/lib/thumb/v6-m\libc.a(lib_a-fini.o)
 .ARM.attributes
                0x000001ee       0x2c c:/program files (x86)/atmel/studio/7.0/toolchain/arm/arm-gnu-toolchain/bin/../lib/gcc/arm-none-eabi/6.3.1/../../../../arm-none-eabi/lib/thumb/v6-m\libc.a(lib_a-lock.o)
 .ARM.attributes
                0x0000021a       0x2c c:/program files (x86)/atmel/studio/7.0/toolchain/arm/arm-gnu-toolchain/bin/../lib/gcc/arm-none-eabi/6.3.1/../../../../arm-none-eabi/lib/thumb/v6-m\libc.a(lib_a-__atexit.o)
 .ARM.attributes
                0x00000246       0x1e c:/program files (x86)/atmel/studio/7.0/toolchain/arm/arm-gnu-toolchain/bin/../lib/gcc/arm-none-eabi/6.3.1/thumb/v6-m/crtn.o

.comment        0x00000000       0x59
 .comment       0x00000000       0x59 adc.o
                                 0x5a (size before relaxing)
 .comment       0x00000059       0x5a Device_Startup/startup_saml21.o
 .comment       0x00000059       0x5a fan.o
 .comment       0x00000059       0x5a main.o

.debug_info     0x00000000     0x6512
 .debug_info    0x00000000     0x17ae adc.o
 .debug_info    0x000017ae      0xa27 Device_Startup/startup_saml21.o
 .debug_info    0x000021d5     0x323f fan.o
 .debug_info    0x00005414     0x10fe main.o

.debug_abbrev   0x00000000      0x78e
 .debug_abbrev  0x00000000      0x197 adc.o
 .debug_abbrev  0x00000197      0x1e4 Device_Startup/startup_saml21.o
 .debug_abbrev  0x0000037b      0x27f fan.o
 .debug_abbrev  0x000005fa      0x194 main.o

.debug_loc      0x00000000      0x141
 .debug_loc     0x00000000       0x21 adc.o
 .debug_loc     0x00000021       0x40 Device_Startup/startup_saml21.o
 .debug_loc     0x00000061       0xc0 fan.o
 .debug_loc     0x00000121       0x20 main.o

.debug_aranges  0x00000000       0xd0
 .debug_aranges
                0x00000000       0x28 adc.o
 .debug_aranges
                0x00000028       0x28 Device_Startup/startup_saml21.o
 .debug_aranges
                0x00000050       0x58 fan.o
 .debug_aranges
                0x000000a8       0x28 main.o

.debug_ranges   0x00000000       0x90
 .debug_ranges  0x00000000       0x18 adc.o
 .debug_ranges  0x00000018       0x18 Device_Startup/startup_saml21.o
 .debug_ranges  0x00000030       0x48 fan.o
 .debug_ranges  0x00000078       0x18 main.o

.debug_macro    0x00000000    0x13aaa
 .debug_macro   0x00000000      0x365 adc.o
 .debug_macro   0x00000365      0x89e adc.o
 .debug_macro   0x00000c03       0x22 adc.o
 .debug_macro   0x00000c25       0x87 adc.o
 .debug_macro   0x00000cac       0x51 adc.o
 .debug_macro   0x00000cfd       0xef adc.o
 .debug_macro   0x00000dec       0x6a adc.o
 .debug_macro   0x00000e56      0x1df adc.o
 .debug_macro   0x00001035       0x40 adc.o
 .debug_macro   0x00001075       0x28 adc.o
 .debug_macro   0x0000109d       0x85 adc.o
 .debug_macro   0x00001122      0x375 adc.o
 .debug_macro   0x00001497      0x713 adc.o
 .debug_macro   0x00001baa      0x8ef adc.o
 .debug_macro   0x00002499      0x279 adc.o
 .debug_macro   0x00002712      0x21d adc.o
 .debug_macro   0x0000292f      0x4d0 adc.o
 .debug_macro   0x00002dff      0xe12 adc.o
 .debug_macro   0x00003c11      0x5b6 adc.o
 .debug_macro   0x000041c7      0x5be adc.o
 .debug_macro   0x00004785      0x823 adc.o
 .debug_macro   0x00004fa8      0x305 adc.o
 .debug_macro   0x000052ad      0x5d3 adc.o
 .debug_macro   0x00005880      0x21c adc.o
 .debug_macro   0x00005a9c      0x728 adc.o
 .debug_macro   0x000061c4      0x16e adc.o
 .debug_macro   0x00006332      0x70e adc.o
 .debug_macro   0x00006a40      0x28c adc.o
 .debug_macro   0x00006ccc      0x6fd adc.o
 .debug_macro   0x000073c9      0x2c4 adc.o
 .debug_macro   0x0000768d      0x3c0 adc.o
 .debug_macro   0x00007a4d      0x19f adc.o
 .debug_macro   0x00007bec     0x125f adc.o
 .debug_macro   0x00008e4b      0xf4c adc.o
 .debug_macro   0x00009d97      0x866 adc.o
 .debug_macro   0x0000a5fd      0xa36 adc.o
 .debug_macro   0x0000b033      0x8ad adc.o
 .debug_macro   0x0000b8e0     0x19bd adc.o
 .debug_macro   0x0000d29d       0xe7 adc.o
 .debug_macro   0x0000d384     0x13e6 adc.o
 .debug_macro   0x0000e76a      0x369 adc.o
 .debug_macro   0x0000ead3       0x7c adc.o
 .debug_macro   0x0000eb4f       0xac adc.o
 .debug_macro   0x0000ebfb       0xca adc.o
 .debug_macro   0x0000ecc5       0x4c adc.o
 .debug_macro   0x0000ed11       0x94 adc.o
 .debug_macro   0x0000eda5       0xdc adc.o
 .debug_macro   0x0000ee81       0xb2 adc.o
 .debug_macro   0x0000ef33       0x64 adc.o
 .debug_macro   0x0000ef97      0x5b1 adc.o
 .debug_macro   0x0000f548      0x19c adc.o
 .debug_macro   0x0000f6e4       0x70 adc.o
 .debug_macro   0x0000f754       0xa0 adc.o
 .debug_macro   0x0000f7f4       0xc4 adc.o
 .debug_macro   0x0000f8b8       0x28 adc.o
 .debug_macro   0x0000f8e0       0xa0 adc.o
 .debug_macro   0x0000f980       0x40 adc.o
 .debug_macro   0x0000f9c0       0x7c adc.o
 .debug_macro   0x0000fa3c       0x40 adc.o
 .debug_macro   0x0000fa7c      0x16c adc.o
 .debug_macro   0x0000fbe8       0x34 adc.o
 .debug_macro   0x0000fc1c       0xee adc.o
 .debug_macro   0x0000fd0a      0x12a adc.o
 .debug_macro   0x0000fe34      0x12a adc.o
 .debug_macro   0x0000ff5e      0x12a adc.o
 .debug_macro   0x00010088      0x12a adc.o
 .debug_macro   0x000101b2      0x12a adc.o
 .debug_macro   0x000102dc      0x12a adc.o
 .debug_macro   0x00010406       0x5e adc.o
 .debug_macro   0x00010464      0x197 adc.o
 .debug_macro   0x000105fb       0xfa adc.o
 .debug_macro   0x000106f5       0xfa adc.o
 .debug_macro   0x000107ef       0xfa adc.o
 .debug_macro   0x000108e9      0x124 adc.o
 .debug_macro   0x00010a0d       0xfa adc.o
 .debug_macro   0x00010b07       0xee adc.o
 .debug_macro   0x00010bf5       0x2e adc.o
 .debug_macro   0x00010c23      0x40f adc.o
 .debug_macro   0x00011032       0x3a adc.o
 .debug_macro   0x0001106c      0x42c adc.o
 .debug_macro   0x00011498     0x1b49 adc.o
 .debug_macro   0x00012fe1       0x90 adc.o
 .debug_macro   0x00013071      0x35b Device_Startup/startup_saml21.o
 .debug_macro   0x000133cc      0x36f fan.o
 .debug_macro   0x0001373b      0x36f main.o

.debug_line     0x00000000     0x1d99
 .debug_line    0x00000000      0x741 adc.o
 .debug_line    0x00000741      0x749 Device_Startup/startup_saml21.o
 .debug_line    0x00000e8a      0x7c1 fan.o
 .debug_line    0x0000164b      0x74e main.o

.debug_str      0x00000000    0x7c104
 .debug_str     0x00000000    0x7b009 adc.o
                              0x7b408 (size before relaxing)
 .debug_str     0x0007b009      0x4cf Device_Startup/startup_saml21.o
                              0x7b215 (size before relaxing)
 .debug_str     0x0007b4d8      0x808 fan.o
                              0x7b934 (size before relaxing)
 .debug_str     0x0007bce0      0x424 main.o
                              0x7b1c0 (size before relaxing)

.debug_frame    0x00000000      0x308
 .debug_frame   0x00000000       0x30 adc.o
 .debug_frame   0x00000030       0x38 Device_Startup/startup_saml21.o
 .debug_frame   0x00000068       0xa8 fan.o
 .debug_frame   0x00000110       0x38 main.o
 .debug_frame   0x00000148       0x2c c:/program files (x86)/atmel/studio/7.0/toolchain/arm/arm-gnu-toolchain/bin/../lib/gcc/arm-none-eabi/6.3.1/../../../../arm-none-eabi/lib/thumb/v6-m\libc.a(lib_a-init.o)
 .debug_frame   0x00000174       0x54 c:/program files (x86)/atmel/studio/7.0/toolchain/arm/arm-gnu-toolchain/bin/../lib/gcc/arm-none-eabi/6.3.1/../../../../arm-none-eabi/lib/thumb/v6-m\libc.a(lib_a-__call_atexit.o)
 .debug_frame   0x000001c8       0x28 c:/program files (x86)/atmel/studio/7.0/toolchain/arm/arm-gnu-toolchain/bin/../lib/gcc/arm-none-eabi/6.3.1/../../../../arm-none-eabi/lib/thumb/v6-m\libc.a(lib_a-atexit.o)
 .debug_frame   0x000001f0       0x2c c:/program files (x86)/atmel/studio/7.0/toolchain/arm/arm-gnu-toolchain/bin/../lib/gcc/arm-none-eabi/6.3.1/../../../../arm-none-eabi/lib/thumb/v6-m\libc.a(lib_a-fini.o)
 .debug_frame   0x0000021c       0xb0 c:/program files (x86)/atmel/studio/7.0/toolchain/arm/arm-gnu-toolchain/bin/../lib/gcc/arm-none-eabi/6.3.1/../../../../arm-none-eabi/lib/thumb/v6-m\libc.a(lib_a-lock.o)
 .debug_frame   0x000002cc       0x3c c:/program files (x86)/atmel/studio/7.0/toolchain/arm/arm-gnu-toolchain/bin/../lib/gcc/arm-none-eabi/6.3.1/../../../../arm-none-eabi/lib/thumb/v6-m\libc.a(lib_a-__atexit.o)
